Archive member included to satisfy reference by file (symbol)

C:/USERS/ADMIN/SCOOP/APPS/GCC-ARM-NONE-EABI/CURRENT/BIN/../lib/gcc/arm-none-eabi/13.3.1/thumb/v7e-m+fp/hard\libc_nano.a(libc_a-exit.o)
                              C:/USERS/ADMIN/SCOOP/APPS/GCC-ARM-NONE-EABI/CURRENT/BIN/../lib/gcc/arm-none-eabi/13.3.1/thumb/v7e-m+fp/hard/crt0.o (exit)
C:/USERS/ADMIN/SCOOP/APPS/GCC-ARM-NONE-EABI/CURRENT/BIN/../lib/gcc/arm-none-eabi/13.3.1/thumb/v7e-m+fp/hard\libc_nano.a(libc_a-findfp.o)
                              C:/USERS/ADMIN/SCOOP/APPS/GCC-ARM-NONE-EABI/CURRENT/BIN/../lib/gcc/arm-none-eabi/13.3.1/thumb/v7e-m+fp/hard\libc_nano.a(libc_a-exit.o) (__stdio_exit_handler)
C:/USERS/ADMIN/SCOOP/APPS/GCC-ARM-NONE-EABI/CURRENT/BIN/../lib/gcc/arm-none-eabi/13.3.1/thumb/v7e-m+fp/hard\libc_nano.a(libc_a-fwalk.o)
                              C:/USERS/ADMIN/SCOOP/APPS/GCC-ARM-NONE-EABI/CURRENT/BIN/../lib/gcc/arm-none-eabi/13.3.1/thumb/v7e-m+fp/hard\libc_nano.a(libc_a-findfp.o) (_fwalk_sglue)
C:/USERS/ADMIN/SCOOP/APPS/GCC-ARM-NONE-EABI/CURRENT/BIN/../lib/gcc/arm-none-eabi/13.3.1/thumb/v7e-m+fp/hard\libc_nano.a(libc_a-stdio.o)
                              C:/USERS/ADMIN/SCOOP/APPS/GCC-ARM-NONE-EABI/CURRENT/BIN/../lib/gcc/arm-none-eabi/13.3.1/thumb/v7e-m+fp/hard\libc_nano.a(libc_a-findfp.o) (__sread)
C:/USERS/ADMIN/SCOOP/APPS/GCC-ARM-NONE-EABI/CURRENT/BIN/../lib/gcc/arm-none-eabi/13.3.1/thumb/v7e-m+fp/hard\libc_nano.a(libc_a-memset.o)
                              C:/USERS/ADMIN/SCOOP/APPS/GCC-ARM-NONE-EABI/CURRENT/BIN/../lib/gcc/arm-none-eabi/13.3.1/thumb/v7e-m+fp/hard/crt0.o (memset)
C:/USERS/ADMIN/SCOOP/APPS/GCC-ARM-NONE-EABI/CURRENT/BIN/../lib/gcc/arm-none-eabi/13.3.1/thumb/v7e-m+fp/hard\libc_nano.a(libc_a-closer.o)
                              C:/USERS/ADMIN/SCOOP/APPS/GCC-ARM-NONE-EABI/CURRENT/BIN/../lib/gcc/arm-none-eabi/13.3.1/thumb/v7e-m+fp/hard\libc_nano.a(libc_a-stdio.o) (_close_r)
C:/USERS/ADMIN/SCOOP/APPS/GCC-ARM-NONE-EABI/CURRENT/BIN/../lib/gcc/arm-none-eabi/13.3.1/thumb/v7e-m+fp/hard\libc_nano.a(libc_a-reent.o)
                              C:/USERS/ADMIN/SCOOP/APPS/GCC-ARM-NONE-EABI/CURRENT/BIN/../lib/gcc/arm-none-eabi/13.3.1/thumb/v7e-m+fp/hard\libc_nano.a(libc_a-closer.o) (errno)
C:/USERS/ADMIN/SCOOP/APPS/GCC-ARM-NONE-EABI/CURRENT/BIN/../lib/gcc/arm-none-eabi/13.3.1/thumb/v7e-m+fp/hard\libc_nano.a(libc_a-impure.o)
                              C:/USERS/ADMIN/SCOOP/APPS/GCC-ARM-NONE-EABI/CURRENT/BIN/../lib/gcc/arm-none-eabi/13.3.1/thumb/v7e-m+fp/hard\libc_nano.a(libc_a-reent.o) (_impure_ptr)
C:/USERS/ADMIN/SCOOP/APPS/GCC-ARM-NONE-EABI/CURRENT/BIN/../lib/gcc/arm-none-eabi/13.3.1/thumb/v7e-m+fp/hard\libc_nano.a(libc_a-lseekr.o)
                              C:/USERS/ADMIN/SCOOP/APPS/GCC-ARM-NONE-EABI/CURRENT/BIN/../lib/gcc/arm-none-eabi/13.3.1/thumb/v7e-m+fp/hard\libc_nano.a(libc_a-stdio.o) (_lseek_r)
C:/USERS/ADMIN/SCOOP/APPS/GCC-ARM-NONE-EABI/CURRENT/BIN/../lib/gcc/arm-none-eabi/13.3.1/thumb/v7e-m+fp/hard\libc_nano.a(libc_a-readr.o)
                              C:/USERS/ADMIN/SCOOP/APPS/GCC-ARM-NONE-EABI/CURRENT/BIN/../lib/gcc/arm-none-eabi/13.3.1/thumb/v7e-m+fp/hard\libc_nano.a(libc_a-stdio.o) (_read_r)
C:/USERS/ADMIN/SCOOP/APPS/GCC-ARM-NONE-EABI/CURRENT/BIN/../lib/gcc/arm-none-eabi/13.3.1/thumb/v7e-m+fp/hard\libc_nano.a(libc_a-writer.o)
                              C:/USERS/ADMIN/SCOOP/APPS/GCC-ARM-NONE-EABI/CURRENT/BIN/../lib/gcc/arm-none-eabi/13.3.1/thumb/v7e-m+fp/hard\libc_nano.a(libc_a-stdio.o) (_write_r)
C:/USERS/ADMIN/SCOOP/APPS/GCC-ARM-NONE-EABI/CURRENT/BIN/../lib/gcc/arm-none-eabi/13.3.1/thumb/v7e-m+fp/hard\libc_nano.a(libc_a-init.o)
                              C:/USERS/ADMIN/SCOOP/APPS/GCC-ARM-NONE-EABI/CURRENT/BIN/../lib/gcc/arm-none-eabi/13.3.1/thumb/v7e-m+fp/hard/crt0.o (__libc_init_array)
C:/USERS/ADMIN/SCOOP/APPS/GCC-ARM-NONE-EABI/CURRENT/BIN/../lib/gcc/arm-none-eabi/13.3.1/thumb/v7e-m+fp/hard\libc_nano.a(libc_a-lock.o)
                              C:/USERS/ADMIN/SCOOP/APPS/GCC-ARM-NONE-EABI/CURRENT/BIN/../lib/gcc/arm-none-eabi/13.3.1/thumb/v7e-m+fp/hard\libc_nano.a(libc_a-findfp.o) (__retarget_lock_init_recursive)
C:/USERS/ADMIN/SCOOP/APPS/GCC-ARM-NONE-EABI/CURRENT/BIN/../lib/gcc/arm-none-eabi/13.3.1/thumb/v7e-m+fp/hard\libc_nano.a(libc_a-freer.o)
                              C:/USERS/ADMIN/SCOOP/APPS/GCC-ARM-NONE-EABI/CURRENT/BIN/../lib/gcc/arm-none-eabi/13.3.1/thumb/v7e-m+fp/hard\libc_nano.a(libc_a-reent.o) (_free_r)
C:/USERS/ADMIN/SCOOP/APPS/GCC-ARM-NONE-EABI/CURRENT/BIN/../lib/gcc/arm-none-eabi/13.3.1/thumb/v7e-m+fp/hard\libc_nano.a(libc_a-mallocr.o)
                              C:/USERS/ADMIN/SCOOP/APPS/GCC-ARM-NONE-EABI/CURRENT/BIN/../lib/gcc/arm-none-eabi/13.3.1/thumb/v7e-m+fp/hard\libc_nano.a(libc_a-findfp.o) (_malloc_r)
C:/USERS/ADMIN/SCOOP/APPS/GCC-ARM-NONE-EABI/CURRENT/BIN/../lib/gcc/arm-none-eabi/13.3.1/thumb/v7e-m+fp/hard\libc_nano.a(libc_a-mlock.o)
[...]
Memory Configuration

Name             Origin             Length             Attributes
RAM              0x20000000         0x00020000         xrw
FLASH            0x08000000         0x00080000         xr
*default*        0x00000000         0xffffffff

Linker script and memory map

LOAD C:/USERS/ADMIN/SCOOP/APPS/GCC-ARM-NONE-EABI/CURRENT/BIN/../lib/gcc/arm-none-eabi/13.3.1/thumb/v7e-m+fp/hard/crti.o
LOAD C:/USERS/ADMIN/SCOOP/APPS/GCC-ARM-NONE-EABI/CURRENT/BIN/../lib/gcc/arm-none-eabi/13.3.1/thumb/v7e-m+fp/hard/crtbegin.o
LOAD C:/USERS/ADMIN/SCOOP/APPS/GCC-ARM-NONE-EABI/CURRENT/BIN/../lib/gcc/arm-none-eabi/13.3.1/thumb/v7e-m+fp/hard/crt0.o
LOAD build/debug/Core/Src/gpio.o
LOAD build/debug/Core/Src/main.o
LOAD build/debug/Core/Src/stm32f4xx_hal_msp.o
LOAD build/debug/Core/Src/stm32f4xx_it.o
LOAD build/debug/Core/Src/system_stm32f4xx.o
LOAD build/debug/Core/Src/usart.o
LOAD build/debug/Drivers/STM32F4xx_HAL_Driver/Src/stm32f4xx_hal.o
LOAD build/debug/Drivers/STM32F4xx_HAL_Driver/Src/stm32f4xx_hal_cortex.o
LOAD build/debug/Drivers/STM32F4xx_HAL_Driver/Src/stm32f4xx_hal_dma.o
LOAD build/debug/Drivers/STM32F4xx_HAL_Driver/Src/stm32f4xx_hal_dma_ex.o
LOAD build/debug/Drivers/STM32F4xx_HAL_Driver/Src/stm32f4xx_hal_exti.o
LOAD build/debug/Drivers/STM32F4xx_HAL_Driver/Src/stm32f4xx_hal_flash.o
LOAD build/debug/Drivers/STM32F4xx_HAL_Driver/Src/stm32f4xx_hal_flash_ex.o
LOAD build/debug/Drivers/STM32F4xx_HAL_Driver/Src/stm32f4xx_hal_flash_ramfunc.o
LOAD build/debug/Drivers/STM32F4xx_HAL_Driver/Src/stm32f4xx_hal_gpio.o
LOAD build/debug/Drivers/STM32F4xx_HAL_Driver/Src/stm32f4xx_hal_pwr.o
LOAD build/debug/Drivers/STM32F4xx_HAL_Driver/Src/stm32f4xx_hal_pwr_ex.o
LOAD build/debug/Drivers/STM32F4xx_HAL_Driver/Src/stm32f4xx_hal_rcc.o
LOAD build/debug/Drivers/STM32F4xx_HAL_Driver/Src/stm32f4xx_hal_rcc_ex.o
LOAD build/debug/Drivers/STM32F4xx_HAL_Driver/Src/stm32f4xx_hal_tim.o
LOAD build/debug/Drivers/STM32F4xx_HAL_Driver/Src/stm32f4xx_hal_tim_ex.o
LOAD build/debug/Drivers/STM32F4xx_HAL_Driver/Src/stm32f4xx_hal_uart.o
LOAD build/debug/startup_stm32f411xe.o
LOAD C:/USERS/ADMIN/SCOOP/APPS/GCC-ARM-NONE-EABI/CURRENT/BIN/../lib/gcc/arm-none-eabi/13.3.1/thumb/v7e-m+fp/hard\libc_nano.a
LOAD C:/USERS/ADMIN/SCOOP/APPS/GCC-ARM-NONE-EABI/CURRENT/BIN/../lib/gcc/arm-none-eabi/13.3.1/thumb/v7e-m+fp/hard\libm.a
LOAD C:/USERS/ADMIN/SCOOP/APPS/GCC-ARM-NONE-EABI/CURRENT/BIN/../lib/gcc/arm-none-eabi/13.3.1/thumb/v7e-m+fp/hard\libnosys.a
START GROUP
LOAD C:/USERS/ADMIN/SCOOP/APPS/GCC-ARM-NONE-EABI/CURRENT/BIN/../lib/gcc/arm-none-eabi/13.3.1/thumb/v7e-m+fp/hard\libgcc.a
LOAD C:/USERS/ADMIN/SCOOP/APPS/GCC-ARM-NONE-EABI/CURRENT/BIN/../lib/gcc/arm-none-eabi/13.3.1/thumb/v7e-m+fp/hard\libc_nano.a
END GROUP
START GROUP
LOAD C:/USERS/ADMIN/SCOOP/APPS/GCC-ARM-NONE-EABI/CURRENT/BIN/../lib/gcc/arm-none-eabi/13.3.1/thumb/v7e-m+fp/hard\libgcc.a
LOAD C:/USERS/ADMIN/SCOOP/APPS/GCC-ARM-NONE-EABI/CURRENT/BIN/../lib/gcc/arm-none-eabi/13.3.1/thumb/v7e-m+fp/hard\libc_nano.a
END GROUP
LOAD C:/USERS/ADMIN/SCOOP/APPS/GCC-ARM-NONE-EABI/CURRENT/BIN/../lib/gcc/arm-none-eabi/13.3.1/thumb/v7e-m+fp/hard/crtend.o
LOAD C:/USERS/ADMIN/SCOOP/APPS/GCC-ARM-NONE-EABI/CURRENT/BIN/../lib/gcc/arm-none-eabi/13.3.1/thumb/v7e-m+fp/hard/crtn.o
                0x20020000                        _estack = (ORIGIN (RAM) + LENGTH (RAM))
                0x00000200                        _Min_Heap_Size = 0x200
                0x00000400                        _Min_Stack_Size = 0x400

.isr_vector     0x08000000      0x198
                0x08000000                        . = ALIGN (0x4)
 *(.isr_vector)
 .isr_vector    0x08000000      0x198 build/debug/startup_stm32f411xe.o
                0x08000000                g_pfnVectors
                0x08000198                        . = ALIGN (0x4)

.text           0x08000198     0x1354
                0x08000198                        . = ALIGN (0x4)
 *(.text)
 .text          0x08000198       0x30 C:/USERS/ADMIN/SCOOP/APPS/GCC-ARM-NONE-EABI/CURRENT/BIN/../lib/gcc/arm-none-eabi/13.3.1/thumb/v7e-m+fp/hard\libgcc.a(_aeabi_uldivmod.o)
                0x08000198                __aeabi_uldivmod
 .text          0x080001c8        0x4 C:/USERS/ADMIN/SCOOP/APPS/GCC-ARM-NONE-EABI/CURRENT/BIN/../lib/gcc/arm-none-eabi/13.3.1/thumb/v7e-m+fp/hard\libgcc.a(_dvmd_tls.o)
                0x080001c8                __aeabi_idiv0
                0x080001c8                __aeabi_ldiv0
 *(.text*)
 .text.deregister_tm_clones
                0x080001cc       0x1c C:/USERS/ADMIN/SCOOP/APPS/GCC-ARM-NONE-EABI/CURRENT/BIN/../lib/gcc/arm-none-eabi/13.3.1/thumb/v7e-m+fp/hard/crtbegin.o
 .text.register_tm_clones
                0x080001e8       0x24 C:/USERS/ADMIN/SCOOP/APPS/GCC-ARM-NONE-EABI/CURRENT/BIN/../lib/gcc/arm-none-eabi/13.3.1/thumb/v7e-m+fp/hard/crtbegin.o
 .text.__do_global_dtors_aux
                0x0800020c       0x28 C:/USERS/ADMIN/SCOOP/APPS/GCC-ARM-NONE-EABI/CURRENT/BIN/../lib/gcc/arm-none-eabi/13.3.1/thumb/v7e-m+fp/hard/crtbegin.o
 .text.frame_dummy
                0x08000234       0x24 C:/USERS/ADMIN/SCOOP/APPS/GCC-ARM-NONE-EABI/CURRENT/BIN/../lib/gcc/arm-none-eabi/13.3.1/thumb/v7e-m+fp/hard/crtbegin.o
 .text.MX_GPIO_Init
                0x08000258       0x80 build/debug/Core/Src/gpio.o
                0x08000258                MX_GPIO_Init
 .text.Error_Handler
                0x080002d8        0x4 build/debug/Core/Src/main.o
                0x080002d8                Error_Handler
 .text.SystemClock_Config
                0x080002dc       0xa4 build/debug/Core/Src/main.o
                0x080002dc                SystemClock_Config
 .text.main     0x08000380       0x40 build/debug/Core/Src/main.o
                0x08000380                main
 .text.HAL_MspInit
                0x080003c0       0x38 build/debug/Core/Src/stm32f4xx_hal_msp.o
                0x080003c0                HAL_MspInit
 .text.NMI_Handler
                0x080003f8        0x2 build/debug/Core/Src/stm32f4xx_it.o
                0x080003f8                NMI_Handler
 .text.HardFault_Handler
                0x080003fa        0x2 build/debug/Core/Src/stm32f4xx_it.o
                0x080003fa                HardFault_Handler
 .text.MemManage_Handler
                0x080003fc        0x2 build/debug/Core/Src/stm32f4xx_it.o
                0x080003fc                MemManage_Handler
 .text.BusFault_Handler
                0x080003fe        0x2 build/debug/Core/Src/stm32f4xx_it.o
                0x080003fe                BusFault_Handler
 .text.UsageFault_Handler
                0x08000400        0x2 build/debug/Core/Src/stm32f4xx_it.o
                0x08000400                UsageFault_Handler
 .text.SVC_Handler
                0x08000402        0x2 build/debug/Core/Src/stm32f4xx_it.o
                0x08000402                SVC_Handler
 .text.DebugMon_Handler
                0x08000404        0x2 build/debug/Core/Src/stm32f4xx_it.o
                0x08000404                DebugMon_Handler
 .text.PendSV_Handler
                0x08000406        0x2 build/debug/Core/Src/stm32f4xx_it.o
                0x08000406                PendSV_Handler
 .text.SysTick_Handler
                0x08000408        0x8 build/debug/Core/Src/stm32f4xx_it.o
                0x08000408                SysTick_Handler
 .text.SystemInit
                0x08000410       0x14 build/debug/Core/Src/system_stm32f4xx.o
                0x08000410                SystemInit
 .text.MX_USART1_UART_Init
                0x08000424       0x34 build/debug/Core/Src/usart.o
                0x08000424                MX_USART1_UART_Init
 .text.HAL_UART_MspInit
                0x08000458       0x74 build/debug/Core/Src/usart.o
                0x08000458                HAL_UART_MspInit
 .text.HAL_InitTick
                0x080004cc       0x4c build/debug/Drivers/STM32F4xx_HAL_Driver/Src/stm32f4xx_hal.o
                0x080004cc                HAL_InitTick
 .text.HAL_Init
                0x08000518       0x34 build/debug/Drivers/STM32F4xx_HAL_Driver/Src/stm32f4xx_hal.o
                0x08000518                HAL_Init
 .text.HAL_IncTick
                0x0800054c       0x18 build/debug/Drivers/STM32F4xx_HAL_Driver/Src/stm32f4xx_hal.o
                0x0800054c                HAL_IncTick
 .text.HAL_GetTick
                0x08000564        0xc build/debug/Drivers/STM32F4xx_HAL_Driver/Src/stm32f4xx_hal.o
                0x08000564                HAL_GetTick
 .text.HAL_Delay
                0x08000570       0x28 build/debug/Drivers/STM32F4xx_HAL_Driver/Src/stm32f4xx_hal.o
                0x08000570                HAL_Delay
 .text.__NVIC_SetPriority
                0x08000598       0x28 build/debug/Drivers/STM32F4xx_HAL_Driver/Src/stm32f4xx_hal_cortex.o
 .text.NVIC_EncodePriority
                0x080005c0       0x3e build/debug/Drivers/STM32F4xx_HAL_Driver/Src/stm32f4xx_hal_cortex.o
 *fill*         0x080005fe        0x2 
 .text.HAL_NVIC_SetPriorityGrouping
                0x08000600       0x24 build/debug/Drivers/STM32F4xx_HAL_Driver/Src/stm32f4xx_hal_cortex.o
                0x08000600                HAL_NVIC_SetPriorityGrouping
 .text.HAL_NVIC_SetPriority
                0x08000624       0x20 build/debug/Drivers/STM32F4xx_HAL_Driver/Src/stm32f4xx_hal_cortex.o
                0x08000624                HAL_NVIC_SetPriority
 .text.HAL_SYSTICK_Config
                0x08000644       0x28 build/debug/Drivers/STM32F4xx_HAL_Driver/Src/stm32f4xx_hal_cortex.o
                0x08000644                HAL_SYSTICK_Config
 .text.HAL_GPIO_Init
                0x0800066c      0x1c8 build/debug/Drivers/STM32F4xx_HAL_Driver/Src/stm32f4xx_hal_gpio.o
                0x0800066c                HAL_GPIO_Init
 .text.HAL_GPIO_WritePin
                0x08000834        0xc build/debug/Drivers/STM32F4xx_HAL_Driver/Src/stm32f4xx_hal_gpio.o
                0x08000834                HAL_GPIO_WritePin
 .text.HAL_GPIO_TogglePin
                0x08000840       0x12 build/debug/Drivers/STM32F4xx_HAL_Driver/Src/stm32f4xx_hal_gpio.o
                0x08000840                HAL_GPIO_TogglePin
 *fill*         0x08000852        0x2 
 .text.HAL_RCC_OscConfig
                0x08000854      0x3f8 build/debug/Drivers/STM32F4xx_HAL_Driver/Src/stm32f4xx_hal_rcc.o
                0x08000854                HAL_RCC_OscConfig
 .text.HAL_RCC_GetSysClockFreq
                0x08000c4c       0xa8 build/debug/Drivers/STM32F4xx_HAL_Driver/Src/stm32f4xx_hal_rcc.o
                0x08000c4c                HAL_RCC_GetSysClockFreq
 .text.HAL_RCC_ClockConfig
                0x08000cf4      0x160 build/debug/Drivers/STM32F4xx_HAL_Driver/Src/stm32f4xx_hal_rcc.o
                0x08000cf4                HAL_RCC_ClockConfig
 .text.HAL_RCC_GetHCLKFreq
                0x08000e54        0xc build/debug/Drivers/STM32F4xx_HAL_Driver/Src/stm32f4xx_hal_rcc.o
                0x08000e54                HAL_RCC_GetHCLKFreq
 .text.HAL_RCC_GetPCLK1Freq
                0x08000e60       0x20 build/debug/Drivers/STM32F4xx_HAL_Driver/Src/stm32f4xx_hal_rcc.o
                0x08000e60                HAL_RCC_GetPCLK1Freq
 .text.HAL_RCC_GetPCLK2Freq
                0x08000e80       0x20 build/debug/Drivers/STM32F4xx_HAL_Driver/Src/stm32f4xx_hal_rcc.o
                0x08000e80                HAL_RCC_GetPCLK2Freq
 .text.UART_SetConfig
                0x08000ea0      0x110 build/debug/Drivers/STM32F4xx_HAL_Driver/Src/stm32f4xx_hal_uart.o
 .text.UART_WaitOnFlagUntilTimeout
                0x08000fb0       0x84 build/debug/Drivers/STM32F4xx_HAL_Driver/Src/stm32f4xx_hal_uart.o
 .text.HAL_UART_Init
                0x08001034       0x5e build/debug/Drivers/STM32F4xx_HAL_Driver/Src/stm32f4xx_hal_uart.o
                0x08001034                HAL_UART_Init
 .text.HAL_UART_Transmit
                0x08001092       0xd8 build/debug/Drivers/STM32F4xx_HAL_Driver/Src/stm32f4xx_hal_uart.o
                0x08001092                HAL_UART_Transmit
 *fill*         0x0800116a        0x2 
 .text.Reset_Handler
                0x0800116c       0x50 build/debug/startup_stm32f411xe.o
                0x0800116c                Reset_Handler
 .text.Default_Handler
                0x080011bc        0x2 build/debug/startup_stm32f411xe.o
                0x080011bc                RTC_Alarm_IRQHandler
                0x080011bc                EXTI2_IRQHandler
                0x080011bc                SPI4_IRQHandler
                0x080011bc                TIM1_CC_IRQHandler
                0x080011bc                DMA2_Stream5_IRQHandler
                0x080011bc                DMA1_Stream5_IRQHandler
                0x080011bc                PVD_IRQHandler
                0x080011bc                SDIO_IRQHandler
                0x080011bc                TAMP_STAMP_IRQHandler
                0x080011bc                EXTI3_IRQHandler
                0x080011bc                TIM1_UP_TIM10_IRQHandler
                0x080011bc                I2C3_ER_IRQHandler
                0x080011bc                EXTI0_IRQHandler
                0x080011bc                I2C2_EV_IRQHandler
                0x080011bc                DMA1_Stream2_IRQHandler
                0x080011bc                FPU_IRQHandler
                0x080011bc                DMA2_Stream2_IRQHandler
                0x080011bc                SPI1_IRQHandler
                0x080011bc                TIM1_BRK_TIM9_IRQHandler
                0x080011bc                DMA2_Stream3_IRQHandler
                0x080011bc                USART6_IRQHandler
                0x080011bc                DMA2_Stream0_IRQHandler
                0x080011bc                TIM4_IRQHandler
                0x080011bc                I2C1_EV_IRQHandler
                0x080011bc                DMA1_Stream6_IRQHandler
                0x080011bc                DMA1_Stream1_IRQHandler
                0x080011bc                TIM3_IRQHandler
                0x080011bc                RCC_IRQHandler
                0x080011bc                Default_Handler
                0x080011bc                EXTI15_10_IRQHandler
                0x080011bc                ADC_IRQHandler
                0x080011bc                DMA1_Stream7_IRQHandler
                0x080011bc                SPI5_IRQHandler
                0x080011bc                TIM5_IRQHandler
                0x080011bc                DMA2_Stream7_IRQHandler
                0x080011bc                I2C3_EV_IRQHandler
                0x080011bc                EXTI9_5_IRQHandler
                0x080011bc                RTC_WKUP_IRQHandler
                0x080011bc                SPI2_IRQHandler
                0x080011bc                DMA1_Stream0_IRQHandler
                0x080011bc                EXTI4_IRQHandler
                0x080011bc                WWDG_IRQHandler
                0x080011bc                TIM2_IRQHandler
                0x080011bc                OTG_FS_WKUP_IRQHandler
                0x080011bc                TIM1_TRG_COM_TIM11_IRQHandler
                0x080011bc                EXTI1_IRQHandler
                0x080011bc                USART2_IRQHandler
                0x080011bc                I2C2_ER_IRQHandler
                0x080011bc                DMA2_Stream1_IRQHandler
                0x080011bc                FLASH_IRQHandler
                0x080011bc                DMA2_Stream4_IRQHandler
                0x080011bc                USART1_IRQHandler
                0x080011bc                OTG_FS_IRQHandler
                0x080011bc                SPI3_IRQHandler
                0x080011bc                DMA1_Stream4_IRQHandler
                0x080011bc                I2C1_ER_IRQHandler
                0x080011bc                DMA2_Stream6_IRQHandler
                0x080011bc                DMA1_Stream3_IRQHandler
 .text.memset   0x080011be       0x10 C:/USERS/ADMIN/SCOOP/APPS/GCC-ARM-NONE-EABI/CURRENT/BIN/../lib/gcc/arm-none-eabi/13.3.1/thumb/v7e-m+fp/hard\libc_nano.a(libc_a-memset.o)
                0x080011be                memset
 *fill*         0x080011ce        0x2 
 .text.__libc_init_array
                0x080011d0       0x48 C:/USERS/ADMIN/SCOOP/APPS/GCC-ARM-NONE-EABI/CURRENT/BIN/../lib/gcc/arm-none-eabi/13.3.1/thumb/v7e-m+fp/hard\libc_nano.a(libc_a-init.o)
                0x080011d0                __libc_init_array
 .text.__udivmoddi4
                0x08001218      0x2bc C:/USERS/ADMIN/SCOOP/APPS/GCC-ARM-NONE-EABI/CURRENT/BIN/../lib/gcc/arm-none-eabi/13.3.1/thumb/v7e-m+fp/hard\libgcc.a(_udivmoddi4.o)
                0x08001218                __udivmoddi4
 *(.glue_7)
 .glue_7        0x080014d4        0x0 linker stubs
 *(.glue_7t)
 .glue_7t       0x080014d4        0x0 linker stubs
 *(.eh_frame)
 .eh_frame      0x080014d4        0x0 C:/USERS/ADMIN/SCOOP/APPS/GCC-ARM-NONE-EABI/CURRENT/BIN/../lib/gcc/arm-none-eabi/13.3.1/thumb/v7e-m+fp/hard/crtbegin.o
 *(.init)
 .init          0x080014d4        0x4 C:/USERS/ADMIN/SCOOP/APPS/GCC-ARM-NONE-EABI/CURRENT/BIN/../lib/gcc/arm-none-eabi/13.3.1/thumb/v7e-m+fp/hard/crti.o
                0x080014d4                _init
 .init          0x080014d8        0x8 C:/USERS/ADMIN/SCOOP/APPS/GCC-ARM-NONE-EABI/CURRENT/BIN/../lib/gcc/arm-none-eabi/13.3.1/thumb/v7e-m+fp/hard/crtn.o
 *(.fini)
 .fini          0x080014e0        0x4 C:/USERS/ADMIN/SCOOP/APPS/GCC-ARM-NONE-EABI/CURRENT/BIN/../lib/gcc/arm-none-eabi/13.3.1/thumb/v7e-m+fp/hard/crti.o
                0x080014e0                _fini
 .fini          0x080014e4        0x8 C:/USERS/ADMIN/SCOOP/APPS/GCC-ARM-NONE-EABI/CURRENT/BIN/../lib/gcc/arm-none-eabi/13.3.1/thumb/v7e-m+fp/hard/crtn.o
                0x080014ec                        . = ALIGN (0x4)
                0x080014ec                        _etext = .

.vfp11_veneer   0x080014ec        0x0
 .vfp11_veneer  0x080014ec        0x0 linker stubs

.v4_bx          0x080014ec        0x0
 .v4_bx         0x080014ec        0x0 linker stubs

.iplt           0x080014ec        0x0
 .iplt          0x080014ec        0x0 C:/USERS/ADMIN/SCOOP/APPS/GCC-ARM-NONE-EABI/CURRENT/BIN/../lib/gcc/arm-none-eabi/13.3.1/thumb/v7e-m+fp/hard/crtbegin.o

.rodata         0x080014ec       0x28
                0x080014ec                        . = ALIGN (0x4)
 *(.rodata)
 *(.rodata*)
 .rodata.main.str1.4
                0x080014ec        0xf build/debug/Core/Src/main.o
 *fill*         0x080014fb        0x1 
 .rodata.APBPrescTable
                0x080014fc        0x8 build/debug/Core/Src/system_stm32f4xx.o
                0x080014fc                APBPrescTable
 .rodata.AHBPrescTable
                0x08001504       0x10 build/debug/Core/Src/system_stm32f4xx.o
                0x08001504                AHBPrescTable
                0x08001514                        . = ALIGN (0x4)

.ARM.extab
 *(.ARM.extab* .gnu.linkonce.armextab.*)

.ARM            0x08001514        0x8
                0x08001514                        __exidx_start = .
 *(.ARM.exidx*)
 .ARM.exidx.text.__udivmoddi4
                0x08001514        0x8 C:/USERS/ADMIN/SCOOP/APPS/GCC-ARM-NONE-EABI/CURRENT/BIN/../lib/gcc/arm-none-eabi/13.3.1/thumb/v7e-m+fp/hard\libgcc.a(_udivmoddi4.o)
                0x0800151c                        __exidx_end = .

.rel.dyn        0x0800151c        0x0
 .rel.iplt      0x0800151c        0x0 C:/USERS/ADMIN/SCOOP/APPS/GCC-ARM-NONE-EABI/CURRENT/BIN/../lib/gcc/arm-none-eabi/13.3.1/thumb/v7e-m+fp/hard/crtbegin.o

.preinit_array  0x0800151c        0x0
                0x0800151c                        PROVIDE (__preinit_array_start = .)
 *(.preinit_array*)
                0x0800151c                        PROVIDE (__preinit_array_end = .)

.init_array     0x0800151c        0x4
                0x0800151c                        PROVIDE (__init_array_start = .)
 *(SORT_BY_NAME(.init_array.*))
 *(.init_array*)
 .init_array    0x0800151c        0x4 C:/USERS/ADMIN/SCOOP/APPS/GCC-ARM-NONE-EABI/CURRENT/BIN/../lib/gcc/arm-none-eabi/13.3.1/thumb/v7e-m+fp/hard/crtbegin.o
                0x08001520                        PROVIDE (__init_array_end = .)

.fini_array     0x08001520        0x4
                [!provide]                        PROVIDE (__fini_array_start = .)
 *(SORT_BY_NAME(.fini_array.*))
 *(.fini_array*)
 .fini_array    0x08001520        0x4 C:/USERS/ADMIN/SCOOP/APPS/GCC-ARM-NONE-EABI/CURRENT/BIN/../lib/gcc/arm-none-eabi/13.3.1/thumb/v7e-m+fp/hard/crtbegin.o
                [!provide]                        PROVIDE (__fini_array_end = .)
                0x08001524                        _sidata = LOADADDR (.data)

.data           0x20000000        0xc load address 0x08001524
                0x20000000                        . = ALIGN (0x4)
                0x20000000                        _sdata = .
 *(.data)
 *(.data*)
 .data.SystemCoreClock
                0x20000000        0x4 build/debug/Core/Src/system_stm32f4xx.o
                0x20000000                SystemCoreClock
 .data.uwTickFreq
                0x20000004        0x1 build/debug/Drivers/STM32F4xx_HAL_Driver/Src/stm32f4xx_hal.o
                0x20000004                uwTickFreq
 *fill*         0x20000005        0x3 
 .data.uwTickPrio
                0x20000008        0x4 build/debug/Drivers/STM32F4xx_HAL_Driver/Src/stm32f4xx_hal.o
                0x20000008                uwTickPrio
                0x2000000c                        . = ALIGN (0x4)
                0x2000000c                        _edata = .

.tm_clone_table
                0x2000000c        0x0 load address 0x08001530
 .tm_clone_table
                0x2000000c        0x0 C:/USERS/ADMIN/SCOOP/APPS/GCC-ARM-NONE-EABI/CURRENT/BIN/../lib/gcc/arm-none-eabi/13.3.1/thumb/v7e-m+fp/hard/crtbegin.o
 .tm_clone_table
                0x2000000c        0x0 C:/USERS/ADMIN/SCOOP/APPS/GCC-ARM-NONE-EABI/CURRENT/BIN/../lib/gcc/arm-none-eabi/13.3.1/thumb/v7e-m+fp/hard/crtend.o

.igot.plt       0x2000000c        0x0 load address 0x08001530
 .igot.plt      0x2000000c        0x0 C:/USERS/ADMIN/SCOOP/APPS/GCC-ARM-NONE-EABI/CURRENT/BIN/../lib/gcc/arm-none-eabi/13.3.1/thumb/v7e-m+fp/hard/crtbegin.o
                0x2000000c                        . = ALIGN (0x4)

.bss            0x2000000c       0x64 load address 0x08001530
                0x2000000c                        _sbss = .
                0x2000000c                        __bss_start__ = _sbss
 *(.bss)
 *(.bss*)
 .bss.completed.1
                0x2000000c        0x1 C:/USERS/ADMIN/SCOOP/APPS/GCC-ARM-NONE-EABI/CURRENT/BIN/../lib/gcc/arm-none-eabi/13.3.1/thumb/v7e-m+fp/hard/crtbegin.o
 *fill*         0x2000000d        0x3 
 .bss.object.0  0x20000010       0x18 C:/USERS/ADMIN/SCOOP/APPS/GCC-ARM-NONE-EABI/CURRENT/BIN/../lib/gcc/arm-none-eabi/13.3.1/thumb/v7e-m+fp/hard/crtbegin.o
 .bss.huart1    0x20000028       0x44 build/debug/Core/Src/usart.o
                0x20000028                huart1
 .bss.uwTick    0x2000006c        0x4 build/debug/Drivers/STM32F4xx_HAL_Driver/Src/stm32f4xx_hal.o
                0x2000006c                uwTick
 *(COMMON)
                0x20000070                        . = ALIGN (0x4)
                0x20000070                        _ebss = .
                0x20000070                        __bss_end__ = _ebss

._user_heap_stack
                0x20000070      0x600 load address 0x08001530
                0x20000070                        . = ALIGN (0x8)
                0x20000070                        PROVIDE (end = .)
                [!provide]                        PROVIDE (_end = .)
                0x20000270                        . = (. + _Min_Heap_Size)
 *fill*         0x20000070      0x200 
                0x20000670                        . = (. + _Min_Stack_Size)
 *fill*         0x20000270      0x400 
                0x20000670                        . = ALIGN (0x8)

/DISCARD/
 libc.a(*)
 libm.a(*)
 libgcc.a(*)

.ARM.attributes
                0x00000000       0x30
 *(.ARM.attributes)
 .ARM.attributes
                0x00000000       0x22 C:/USERS/ADMIN/SCOOP/APPS/GCC-ARM-NONE-EABI/CURRENT/BIN/../lib/gcc/arm-none-eabi/13.3.1/thumb/v7e-m+fp/hard/crti.o
 .ARM.attributes
                0x00000022       0x34 C:/USERS/ADMIN/SCOOP/APPS/GCC-ARM-NONE-EABI/CURRENT/BIN/../lib/gcc/arm-none-eabi/13.3.1/thumb/v7e-m+fp/hard/crtbegin.o
 .ARM.attributes
                0x00000056       0x34 build/debug/Core/Src/gpio.o
 .ARM.attributes
                0x0000008a       0x34 build/debug/Core/Src/main.o
 .ARM.attributes
                0x000000be       0x34 build/debug/Core/Src/stm32f4xx_hal_msp.o
 .ARM.attributes
                0x000000f2       0x34 build/debug/Core/Src/stm32f4xx_it.o
 .ARM.attributes
                0x00000126       0x34 build/debug/Core/Src/system_stm32f4xx.o
 .ARM.attributes
                0x0000015a       0x34 build/debug/Core/Src/usart.o
 .ARM.attributes
                0x0000018e       0x34 build/debug/Drivers/STM32F4xx_HAL_Driver/Src/stm32f4xx_hal.o
 .ARM.attributes
                0x000001c2       0x34 build/debug/Drivers/STM32F4xx_HAL_Driver/Src/stm32f4xx_hal_cortex.o
 .ARM.attributes
                0x000001f6       0x34 build/debug/Drivers/STM32F4xx_HAL_Driver/Src/stm32f4xx_hal_gpio.o
 .ARM.attributes
                0x0000022a       0x34 build/debug/Drivers/STM32F4xx_HAL_Driver/Src/stm32f4xx_hal_rcc.o
 .ARM.attributes
                0x0000025e       0x34 build/debug/Drivers/STM32F4xx_HAL_Driver/Src/stm32f4xx_hal_uart.o
 .ARM.attributes
                0x00000292       0x21 build/debug/startup_stm32f411xe.o
 .ARM.attributes
                0x000002b3       0x34 C:/USERS/ADMIN/SCOOP/APPS/GCC-ARM-NONE-EABI/CURRENT/BIN/../lib/gcc/arm-none-eabi/13.3.1/thumb/v7e-m+fp/hard\libc_nano.a(libc_a-memset.o)
 .ARM.attributes
                0x000002e7       0x34 C:/USERS/ADMIN/SCOOP/APPS/GCC-ARM-NONE-EABI/CURRENT/BIN/../lib/gcc/arm-none-eabi/13.3.1/thumb/v7e-m+fp/hard\libc_nano.a(libc_a-init.o)
 .ARM.attributes
                0x0000031b       0x22 C:/USERS/ADMIN/SCOOP/APPS/GCC-ARM-NONE-EABI/CURRENT/BIN/../lib/gcc/arm-none-eabi/13.3.1/thumb/v7e-m+fp/hard\libgcc.a(_aeabi_uldivmod.o)
 .ARM.attributes
                0x0000033d       0x34 C:/USERS/ADMIN/SCOOP/APPS/GCC-ARM-NONE-EABI/CURRENT/BIN/../lib/gcc/arm-none-eabi/13.3.1/thumb/v7e-m+fp/hard\libgcc.a(_udivmoddi4.o)
 .ARM.attributes
                0x00000371       0x22 C:/USERS/ADMIN/SCOOP/APPS/GCC-ARM-NONE-EABI/CURRENT/BIN/../lib/gcc/arm-none-eabi/13.3.1/thumb/v7e-m+fp/hard\libgcc.a(_dvmd_tls.o)
 .ARM.attributes
                0x00000393       0x34 C:/USERS/ADMIN/SCOOP/APPS/GCC-ARM-NONE-EABI/CURRENT/BIN/../lib/gcc/arm-none-eabi/13.3.1/thumb/v7e-m+fp/hard/crtend.o
 .ARM.attributes
                0x000003c7       0x22 C:/USERS/ADMIN/SCOOP/APPS/GCC-ARM-NONE-EABI/CURRENT/BIN/../lib/gcc/arm-none-eabi/13.3.1/thumb/v7e-m+fp/hard/crtn.o
OUTPUT(build/demo.elf elf32-littlearm)
LOAD linker stubs
LOAD C:/USERS/ADMIN/SCOOP/APPS/GCC-ARM-NONE-EABI/CURRENT/BIN/../lib/gcc/arm-none-eabi/13.3.1/thumb/v7e-m+fp/hard\libc.a
LOAD C:/USERS/ADMIN/SCOOP/APPS/GCC-ARM-NONE-EABI/CURRENT/BIN/../lib/gcc/arm-none-eabi/13.3.1/thumb/v7e-m+fp/hard\libm.a
LOAD C:/USERS/ADMIN/SCOOP/APPS/GCC-ARM-NONE-EABI/CURRENT/BIN/../lib/gcc/arm-none-eabi/13.3.1/thumb/v7e-m+fp/hard\libgcc.a

.debug_info     0x00000000     0x8e2c
 .debug_info    0x00000000      0x44e build/debug/Core/Src/gpio.o
 .debug_info    0x0000044e      0xba2 build/debug/Core/Src/main.o
 .debug_info    0x00000ff0      0x28d build/debug/Core/Src/stm32f4xx_hal_msp.o
 .debug_info    0x0000127d      0x11c build/debug/Core/Src/stm32f4xx_it.o
 .debug_info    0x00001399      0x553 build/debug/Core/Src/system_stm32f4xx.o
 .debug_info    0x000018ec      0x98e build/debug/Core/Src/usart.o
 .debug_info    0x0000227a      0x962 build/debug/Drivers/STM32F4xx_HAL_Driver/Src/stm32f4xx_hal.o
 .debug_info    0x00002bdc      0xf19 build/debug/Drivers/STM32F4xx_HAL_Driver/Src/stm32f4xx_hal_cortex.o
 .debug_info    0x00003af5      0x73a build/debug/Drivers/STM32F4xx_HAL_Driver/Src/stm32f4xx_hal_gpio.o
 .debug_info    0x0000422f      0xab0 build/debug/Drivers/STM32F4xx_HAL_Driver/Src/stm32f4xx_hal_rcc.o
 .debug_info    0x00004cdf     0x411d build/debug/Drivers/STM32F4xx_HAL_Driver/Src/stm32f4xx_hal_uart.o
 .debug_info    0x00008dfc       0x30 build/debug/startup_stm32f411xe.o

.debug_abbrev   0x00000000     0x167a
 .debug_abbrev  0x00000000      0x163 build/debug/Core/Src/gpio.o
 .debug_abbrev  0x00000163      0x259 build/debug/Core/Src/main.o
 .debug_abbrev  0x000003bc       0xd6 build/debug/Core/Src/stm32f4xx_hal_msp.o
 .debug_abbrev  0x00000492       0x7c build/debug/Core/Src/stm32f4xx_it.o
 .debug_abbrev  0x0000050e      0x11e build/debug/Core/Src/system_stm32f4xx.o
 .debug_abbrev  0x0000062c      0x216 build/debug/Core/Src/usart.o
 .debug_abbrev  0x00000842      0x277 build/debug/Drivers/STM32F4xx_HAL_Driver/Src/stm32f4xx_hal.o
 .debug_abbrev  0x00000ab9      0x39b build/debug/Drivers/STM32F4xx_HAL_Driver/Src/stm32f4xx_hal_cortex.o
 .debug_abbrev  0x00000e54      0x201 build/debug/Drivers/STM32F4xx_HAL_Driver/Src/stm32f4xx_hal_gpio.o
 .debug_abbrev  0x00001055      0x2c5 build/debug/Drivers/STM32F4xx_HAL_Driver/Src/stm32f4xx_hal_rcc.o
 .debug_abbrev  0x0000131a      0x33c build/debug/Drivers/STM32F4xx_HAL_Driver/Src/stm32f4xx_hal_uart.o
 .debug_abbrev  0x00001656       0x24 build/debug/startup_stm32f411xe.o

.debug_aranges  0x00000000      0x5f8
 .debug_aranges
                0x00000000       0x20 build/debug/Core/Src/gpio.o
 .debug_aranges
                0x00000020       0x30 build/debug/Core/Src/main.o
 .debug_aranges
                0x00000050       0x20 build/debug/Core/Src/stm32f4xx_hal_msp.o
 .debug_aranges
                0x00000070       0x60 build/debug/Core/Src/stm32f4xx_it.o
 .debug_aranges
                0x000000d0       0x28 build/debug/Core/Src/system_stm32f4xx.o
 .debug_aranges
                0x000000f8       0x30 build/debug/Core/Src/usart.o
 .debug_aranges
                0x00000128       0xf0 build/debug/Drivers/STM32F4xx_HAL_Driver/Src/stm32f4xx_hal.o
 .debug_aranges
                0x00000218       0xd8 build/debug/Drivers/STM32F4xx_HAL_Driver/Src/stm32f4xx_hal_cortex.o
 .debug_aranges
                0x000002f0       0x58 build/debug/Drivers/STM32F4xx_HAL_Driver/Src/stm32f4xx_hal_gpio.o
 .debug_aranges
                0x00000348       0x88 build/debug/Drivers/STM32F4xx_HAL_Driver/Src/stm32f4xx_hal_rcc.o
 .debug_aranges
                0x000003d0      0x200 build/debug/Drivers/STM32F4xx_HAL_Driver/Src/stm32f4xx_hal_uart.o
 .debug_aranges
                0x000005d0       0x28 build/debug/startup_stm32f411xe.o

.debug_rnglists
                0x00000000      0x477
 .debug_rnglists
                0x00000000       0x14 build/debug/Core/Src/gpio.o
 .debug_rnglists
                0x00000014       0x20 build/debug/Core/Src/main.o
 .debug_rnglists
                0x00000034       0x13 build/debug/Core/Src/stm32f4xx_hal_msp.o
 .debug_rnglists
                0x00000047       0x43 build/debug/Core/Src/stm32f4xx_it.o
 .debug_rnglists
                0x0000008a       0x1a build/debug/Core/Src/system_stm32f4xx.o
 .debug_rnglists
                0x000000a4       0x1f build/debug/Core/Src/usart.o
 .debug_rnglists
                0x000000c3       0xaf build/debug/Drivers/STM32F4xx_HAL_Driver/Src/stm32f4xx_hal.o
 .debug_rnglists
                0x00000172       0x9d build/debug/Drivers/STM32F4xx_HAL_Driver/Src/stm32f4xx_hal_cortex.o
 .debug_rnglists
                0x0000020f       0x3f build/debug/Drivers/STM32F4xx_HAL_Driver/Src/stm32f4xx_hal_gpio.o
 .debug_rnglists
                0x0000024e       0x75 build/debug/Drivers/STM32F4xx_HAL_Driver/Src/stm32f4xx_hal_rcc.o
 .debug_rnglists
                0x000002c3      0x19b build/debug/Drivers/STM32F4xx_HAL_Driver/Src/stm32f4xx_hal_uart.o
 .debug_rnglists
                0x0000045e       0x19 build/debug/startup_stm32f411xe.o

.debug_line     0x00000000     0x628a
 .debug_line    0x00000000      0x1b8 build/debug/Core/Src/gpio.o
 .debug_line    0x000001b8      0x34c build/debug/Core/Src/main.o
 .debug_line    0x00000504      0x15d build/debug/Core/Src/stm32f4xx_hal_msp.o
 .debug_line    0x00000661      0x13b build/debug/Core/Src/stm32f4xx_it.o
 .debug_line    0x0000079c      0x254 build/debug/Core/Src/system_stm32f4xx.o
 .debug_line    0x000009f0      0x2cb build/debug/Core/Src/usart.o
 .debug_line    0x00000cbb      0x56d build/debug/Drivers/STM32F4xx_HAL_Driver/Src/stm32f4xx_hal.o
 .debug_line    0x00001228      0x7ee build/debug/Drivers/STM32F4xx_HAL_Driver/Src/stm32f4xx_hal_cortex.o
 .debug_line    0x00001a16      0x6bf build/debug/Drivers/STM32F4xx_HAL_Driver/Src/stm32f4xx_hal_gpio.o
 .debug_line    0x000020d5      0xb8a build/debug/Drivers/STM32F4xx_HAL_Driver/Src/stm32f4xx_hal_rcc.o
 .debug_line    0x00002c5f     0x35b5 build/debug/Drivers/STM32F4xx_HAL_Driver/Src/stm32f4xx_hal_uart.o
 .debug_line    0x00006214       0x76 build/debug/startup_stm32f411xe.o

.debug_str      0x00000000     0x1fad
 .debug_str     0x00000000     0x1fad build/debug/Core/Src/gpio.o
                                0x377 (size before relaxing)
 .debug_str     0x00001fad      0x948 build/debug/Core/Src/main.o
 .debug_str     0x00001fad      0x2b8 build/debug/Core/Src/stm32f4xx_hal_msp.o
 .debug_str     0x00001fad      0x21a build/debug/Core/Src/stm32f4xx_it.o
 .debug_str     0x00001fad      0x372 build/debug/Core/Src/system_stm32f4xx.o
 .debug_str     0x00001fad      0x80b build/debug/Core/Src/usart.o
 .debug_str     0x00001fad      0xa09 build/debug/Drivers/STM32F4xx_HAL_Driver/Src/stm32f4xx_hal.o
 .debug_str     0x00001fad      0xabf build/debug/Drivers/STM32F4xx_HAL_Driver/Src/stm32f4xx_hal_cortex.o
 .debug_str     0x00001fad      0x4dd build/debug/Drivers/STM32F4xx_HAL_Driver/Src/stm32f4xx_hal_gpio.o
 .debug_str     0x00001fad      0x703 build/debug/Drivers/STM32F4xx_HAL_Driver/Src/stm32f4xx_hal_rcc.o
 .debug_str     0x00001fad      0xd44 build/debug/Drivers/STM32F4xx_HAL_Driver/Src/stm32f4xx_hal_uart.o
 .debug_str     0x00001fad       0x69 build/debug/startup_stm32f411xe.o

.comment        0x00000000       0x45
 .comment       0x00000000       0x45 build/debug/Core/Src/gpio.o
                                 0x46 (size before relaxing)
 .comment       0x00000045       0x46 build/debug/Core/Src/main.o
 .comment       0x00000045       0x46 build/debug/Core/Src/stm32f4xx_hal_msp.o
 .comment       0x00000045       0x46 build/debug/Core/Src/stm32f4xx_it.o
 .comment       0x00000045       0x46 build/debug/Core/Src/system_stm32f4xx.o
 .comment       0x00000045       0x46 build/debug/Core/Src/usart.o
 .comment       0x00000045       0x46 build/debug/Drivers/STM32F4xx_HAL_Driver/Src/stm32f4xx_hal.o
 .comment       0x00000045       0x46 build/debug/Drivers/STM32F4xx_HAL_Driver/Src/stm32f4xx_hal_cortex.o
 .comment       0x00000045       0x46 build/debug/Drivers/STM32F4xx_HAL_Driver/Src/stm32f4xx_hal_gpio.o
 .comment       0x00000045       0x46 build/debug/Drivers/STM32F4xx_HAL_Driver/Src/stm32f4xx_hal_rcc.o
 .comment       0x00000045       0x46 build/debug/Drivers/STM32F4xx_HAL_Driver/Src/stm32f4xx_hal_uart.o

.debug_frame    0x00000000      0xe54
 .debug_frame   0x00000000       0x30 build/debug/Core/Src/gpio.o
 .debug_frame   0x00000030       0x58 build/debug/Core/Src/main.o
 .debug_frame   0x00000088       0x28 build/debug/Core/Src/stm32f4xx_hal_msp.o
 .debug_frame   0x000000b0       0xa8 build/debug/Core/Src/stm32f4xx_it.o
 .debug_frame   0x00000158       0x30 build/debug/Core/Src/system_stm32f4xx.o
 .debug_frame   0x00000188       0x60 build/debug/Core/Src/usart.o
 .debug_frame   0x000001e8      0x1ec build/debug/Drivers/STM32F4xx_HAL_Driver/Src/stm32f4xx_hal.o
 .debug_frame   0x000003d4      0x1cc build/debug/Drivers/STM32F4xx_HAL_Driver/Src/stm32f4xx_hal_cortex.o
 .debug_frame   0x000005a0       0xd8 build/debug/Drivers/STM32F4xx_HAL_Driver/Src/stm32f4xx_hal_gpio.o
 .debug_frame   0x00000678      0x16c build/debug/Drivers/STM32F4xx_HAL_Driver/Src/stm32f4xx_hal_rcc.o
 .debug_frame   0x000007e4      0x5c4 build/debug/Drivers/STM32F4xx_HAL_Driver/Src/stm32f4xx_hal_uart.o
 .debug_frame   0x00000da8       0x20 C:/USERS/ADMIN/SCOOP/APPS/GCC-ARM-NONE-EABI/CURRENT/BIN/../lib/gcc/arm-none-eabi/13.3.1/thumb/v7e-m+fp/hard\libc_nano.a(libc_a-memset.o)
 .debug_frame   0x00000dc8       0x2c C:/USERS/ADMIN/SCOOP/APPS/GCC-ARM-NONE-EABI/CURRENT/BIN/../lib/gcc/arm-none-eabi/13.3.1/thumb/v7e-m+fp/hard\libc_nano.a(libc_a-init.o)
 .debug_frame   0x00000df4       0x2c C:/USERS/ADMIN/SCOOP/APPS/GCC-ARM-NONE-EABI/CURRENT/BIN/../lib/gcc/arm-none-eabi/13.3.1/thumb/v7e-m+fp/hard\libgcc.a(_aeabi_uldivmod.o)
 .debug_frame   0x00000e20       0x34 C:/USERS/ADMIN/SCOOP/APPS/GCC-ARM-NONE-EABI/CURRENT/BIN/../lib/gcc/arm-none-eabi/13.3.1/thumb/v7e-m+fp/hard\libgcc.a(_udivmoddi4.o)

.debug_loclists
                0x00000000     0x3d64
 .debug_loclists
                0x00000000       0xfa build/debug/Core/Src/system_stm32f4xx.o
 .debug_loclists
                0x000000fa       0x74 build/debug/Core/Src/usart.o
 .debug_loclists
                0x0000016e       0xe1 build/debug/Drivers/STM32F4xx_HAL_Driver/Src/stm32f4xx_hal.o
 .debug_loclists
                0x0000024f      0x54d build/debug/Drivers/STM32F4xx_HAL_Driver/Src/stm32f4xx_hal_cortex.o
 .debug_loclists
                0x0000079c      0x386 build/debug/Drivers/STM32F4xx_HAL_Driver/Src/stm32f4xx_hal_gpio.o
 .debug_loclists
                0x00000b22      0x3e5 build/debug/Drivers/STM32F4xx_HAL_Driver/Src/stm32f4xx_hal_rcc.o
 .debug_loclists
                0x00000f07     0x2e5d build/debug/Drivers/STM32F4xx_HAL_Driver/Src/stm32f4xx_hal_uart.o

.debug_line_str
                0x00000000      0x122
 .debug_line_str
                0x00000000      0x122 build/debug/startup_stm32f411xe.o
                                 0x4d (size before relaxing)
 .debug_line_str
                0x00000122       0xc9 C:/USERS/ADMIN/SCOOP/APPS/GCC-ARM-NONE-EABI/CURRENT/BIN/../lib/gcc/arm-none-eabi/13.3.1/thumb/v7e-m+fp/hard\libgcc.a(_aeabi_uldivmod.o)
 .debug_line_str
                0x00000122       0xcd C:/USERS/ADMIN/SCOOP/APPS/GCC-ARM-NONE-EABI/CURRENT/BIN/../lib/gcc/arm-none-eabi/13.3.1/thumb/v7e-m+fp/hard\libgcc.a(_dvmd_tls.o)

Cross Reference Table

Symbol                                            File
ADC_IRQHandler                                    build/debug/startup_stm32f411xe.o
AHBPrescTable                                     build/debug/Core/Src/system_stm32f4xx.o
                                                  build/debug/Drivers/STM32F4xx_HAL_Driver/Src/stm32f4xx_hal_rcc.o
APBPrescTable                                     build/debug/Core/Src/system_stm32f4xx.o
                                                  build/debug/Drivers/STM32F4xx_HAL_Driver/Src/stm32f4xx_hal_rcc.o
BusFault_Handler                                  build/debug/Core/Src/stm32f4xx_it.o
DMA1_Stream0_IRQHandler                           build/debug/startup_stm32f411xe.o
DMA1_Stream1_IRQHandler                           build/debug/startup_stm32f411xe.o
DMA1_Stream2_IRQHandler                           build/debug/startup_stm32f411xe.o
DMA1_Stream3_IRQHandler                           build/debug/startup_stm32f411xe.o
DMA1_Stream4_IRQHandler                           build/debug/startup_stm32f411xe.o
DMA1_Stream5_IRQHandler                           build/debug/startup_stm32f411xe.o
DMA1_Stream6_IRQHandler                           build/debug/startup_stm32f411xe.o
DMA1_Stream7_IRQHandler                           build/debug/startup_stm32f411xe.o
DMA2_Stream0_IRQHandler                           build/debug/startup_stm32f411xe.o
DMA2_Stream1_IRQHandler                           build/debug/startup_stm32f411xe.o
DMA2_Stream2_IRQHandler                           build/debug/startup_stm32f411xe.o
DMA2_Stream3_IRQHandler                           build/debug/startup_stm32f411xe.o
DMA2_Stream4_IRQHandler                           build/debug/startup_stm32f411xe.o
DMA2_Stream5_IRQHandler                           build/debug/startup_stm32f411xe.o
DMA2_Stream6_IRQHandler                           build/debug/startup_stm32f411xe.o
DMA2_Stream7_IRQHandler                           build/debug/startup_stm32f411xe.o
DebugMon_Handler                                  build/debug/Core/Src/stm32f4xx_it.o
Default_Handler                                   build/debug/startup_stm32f411xe.o
EXTI0_IRQHandler                                  build/debug/startup_stm32f411xe.o
EXTI15_10_IRQHandler                              build/debug/startup_stm32f411xe.o
EXTI1_IRQHandler                                  build/debug/startup_stm32f411xe.o
EXTI2_IRQHandler                                  build/debug/startup_stm32f411xe.o
EXTI3_IRQHandler                                  build/debug/startup_stm32f411xe.o
EXTI4_IRQHandler                                  build/debug/startup_stm32f411xe.o
EXTI9_5_IRQHandler                                build/debug/startup_stm32f411xe.o
Error_Handler                                     build/debug/Core/Src/main.o
                                                  build/debug/Core/Src/usart.o
FLASH_Erase_Sector                                build/debug/Drivers/STM32F4xx_HAL_Driver/Src/stm32f4xx_hal_flash_ex.o
                                                  build/debug/Drivers/STM32F4xx_HAL_Driver/Src/stm32f4xx_hal_flash.o
FLASH_FlushCaches                                 build/debug/Drivers/STM32F4xx_HAL_Driver/Src/stm32f4xx_hal_flash_ex.o
                                                  build/debug/Drivers/STM32F4xx_HAL_Driver/Src/stm32f4xx_hal_flash.o
FLASH_IRQHandler                                  build/debug/startup_stm32f411xe.o
FLASH_WaitForLastOperation                        build/debug/Drivers/STM32F4xx_HAL_Driver/Src/stm32f4xx_hal_flash.o
                                                  build/debug/Drivers/STM32F4xx_HAL_Driver/Src/stm32f4xx_hal_flash_ex.o
FPU_IRQHandler                                    build/debug/startup_stm32f411xe.o
HAL_DBGMCU_DisableDBGSleepMode                    build/debug/Drivers/STM32F4xx_HAL_Driver/Src/stm32f4xx_hal.o
HAL_DBGMCU_DisableDBGStandbyMode                  build/debug/Drivers/STM32F4xx_HAL_Driver/Src/stm32f4xx_hal.o
HAL_DBGMCU_DisableDBGStopMode                     build/debug/Drivers/STM32F4xx_HAL_Driver/Src/stm32f4xx_hal.o
HAL_DBGMCU_EnableDBGSleepMode                     build/debug/Drivers/STM32F4xx_HAL_Driver/Src/stm32f4xx_hal.o
HAL_DBGMCU_EnableDBGStandbyMode                   build/debug/Drivers/STM32F4xx_HAL_Driver/Src/stm32f4xx_hal.o
HAL_DBGMCU_EnableDBGStopMode                      build/debug/Drivers/STM32F4xx_HAL_Driver/Src/stm32f4xx_hal.o
HAL_DMAEx_ChangeMemory                            build/debug/Drivers/STM32F4xx_HAL_Driver/Src/stm32f4xx_hal_dma_ex.o
HAL_DMAEx_MultiBufferStart                        build/debug/Drivers/STM32F4xx_HAL_Driver/Src/stm32f4xx_hal_dma_ex.o
HAL_DMAEx_MultiBufferStart_IT                     build/debug/Drivers/STM32F4xx_HAL_Driver/Src/stm32f4xx_hal_dma_ex.o
HAL_DMA_Abort                                     build/debug/Drivers/STM32F4xx_HAL_Driver/Src/stm32f4xx_hal_dma.o
                                                  build/debug/Drivers/STM32F4xx_HAL_Driver/Src/stm32f4xx_hal_uart.o
HAL_DMA_Abort_IT                                  build/debug/Drivers/STM32F4xx_HAL_Driver/Src/stm32f4xx_hal_dma.o
                                                  build/debug/Drivers/STM32F4xx_HAL_Driver/Src/stm32f4xx_hal_uart.o
HAL_DMA_DeInit                                    build/debug/Drivers/STM32F4xx_HAL_Driver/Src/stm32f4xx_hal_dma.o
HAL_DMA_GetError                                  build/debug/Drivers/STM32F4xx_HAL_Driver/Src/stm32f4xx_hal_dma.o
                                                  build/debug/Drivers/STM32F4xx_HAL_Driver/Src/stm32f4xx_hal_uart.o
HAL_DMA_GetState                                  build/debug/Drivers/STM32F4xx_HAL_Driver/Src/stm32f4xx_hal_dma.o
HAL_DMA_IRQHandler                                build/debug/Drivers/STM32F4xx_HAL_Driver/Src/stm32f4xx_hal_dma.o
HAL_DMA_Init                                      build/debug/Drivers/STM32F4xx_HAL_Driver/Src/stm32f4xx_hal_dma.o
HAL_DMA_PollForTransfer                           build/debug/Drivers/STM32F4xx_HAL_Driver/Src/stm32f4xx_hal_dma.o
HAL_DMA_RegisterCallback                          build/debug/Drivers/STM32F4xx_HAL_Driver/Src/stm32f4xx_hal_dma.o
HAL_DMA_Start                                     build/debug/Drivers/STM32F4xx_HAL_Driver/Src/stm32f4xx_hal_dma.o
HAL_DMA_Start_IT                                  build/debug/Drivers/STM32F4xx_HAL_Driver/Src/stm32f4xx_hal_dma.o
                                                  build/debug/Drivers/STM32F4xx_HAL_Driver/Src/stm32f4xx_hal_uart.o
HAL_DMA_UnRegisterCallback                        build/debug/Drivers/STM32F4xx_HAL_Driver/Src/stm32f4xx_hal_dma.o
HAL_DeInit                                        build/debug/Drivers/STM32F4xx_HAL_Driver/Src/stm32f4xx_hal.o
HAL_Delay                                         build/debug/Drivers/STM32F4xx_HAL_Driver/Src/stm32f4xx_hal.o
                                                  build/debug/Core/Src/main.o
HAL_DisableCompensationCell                       build/debug/Drivers/STM32F4xx_HAL_Driver/Src/stm32f4xx_hal.o
HAL_EXTI_ClearConfigLine                          build/debug/Drivers/STM32F4xx_HAL_Driver/Src/stm32f4xx_hal_exti.o
HAL_EXTI_ClearPending                             build/debug/Drivers/STM32F4xx_HAL_Driver/Src/stm32f4xx_hal_exti.o
HAL_EXTI_GenerateSWI                              build/debug/Drivers/STM32F4xx_HAL_Driver/Src/stm32f4xx_hal_exti.o
HAL_EXTI_GetConfigLine                            build/debug/Drivers/STM32F4xx_HAL_Driver/Src/stm32f4xx_hal_exti.o
HAL_EXTI_GetHandle                                build/debug/Drivers/STM32F4xx_HAL_Driver/Src/stm32f4xx_hal_exti.o
HAL_EXTI_GetPending                               build/debug/Drivers/STM32F4xx_HAL_Driver/Src/stm32f4xx_hal_exti.o
HAL_EXTI_IRQHandler                               build/debug/Drivers/STM32F4xx_HAL_Driver/Src/stm32f4xx_hal_exti.o
HAL_EXTI_RegisterCallback                         build/debug/Drivers/STM32F4xx_HAL_Driver/Src/stm32f4xx_hal_exti.o
HAL_EXTI_SetConfigLine                            build/debug/Drivers/STM32F4xx_HAL_Driver/Src/stm32f4xx_hal_exti.o
HAL_EnableCompensationCell                        build/debug/Drivers/STM32F4xx_HAL_Driver/Src/stm32f4xx_hal.o
HAL_FLASHEx_AdvOBGetConfig                        build/debug/Drivers/STM32F4xx_HAL_Driver/Src/stm32f4xx_hal_flash_ex.o
HAL_FLASHEx_AdvOBProgram                          build/debug/Drivers/STM32F4xx_HAL_Driver/Src/stm32f4xx_hal_flash_ex.o
HAL_FLASHEx_DisableFlashSleepMode                 build/debug/Drivers/STM32F4xx_HAL_Driver/Src/stm32f4xx_hal_flash_ramfunc.o
HAL_FLASHEx_EnableFlashSleepMode                  build/debug/Drivers/STM32F4xx_HAL_Driver/Src/stm32f4xx_hal_flash_ramfunc.o
HAL_FLASHEx_Erase                                 build/debug/Drivers/STM32F4xx_HAL_Driver/Src/stm32f4xx_hal_flash_ex.o
HAL_FLASHEx_Erase_IT                              build/debug/Drivers/STM32F4xx_HAL_Driver/Src/stm32f4xx_hal_flash_ex.o
HAL_FLASHEx_OBGetConfig                           build/debug/Drivers/STM32F4xx_HAL_Driver/Src/stm32f4xx_hal_flash_ex.o
HAL_FLASHEx_OBProgram                             build/debug/Drivers/STM32F4xx_HAL_Driver/Src/stm32f4xx_hal_flash_ex.o
HAL_FLASHEx_OB_DeSelectPCROP                      build/debug/Drivers/STM32F4xx_HAL_Driver/Src/stm32f4xx_hal_flash_ex.o
HAL_FLASHEx_OB_SelectPCROP                        build/debug/Drivers/STM32F4xx_HAL_Driver/Src/stm32f4xx_hal_flash_ex.o
HAL_FLASHEx_StartFlashInterfaceClk                build/debug/Drivers/STM32F4xx_HAL_Driver/Src/stm32f4xx_hal_flash_ramfunc.o
HAL_FLASHEx_StopFlashInterfaceClk                 build/debug/Drivers/STM32F4xx_HAL_Driver/Src/stm32f4xx_hal_flash_ramfunc.o
HAL_FLASH_EndOfOperationCallback                  build/debug/Drivers/STM32F4xx_HAL_Driver/Src/stm32f4xx_hal_flash.o
HAL_FLASH_GetError                                build/debug/Drivers/STM32F4xx_HAL_Driver/Src/stm32f4xx_hal_flash.o
HAL_FLASH_IRQHandler                              build/debug/Drivers/STM32F4xx_HAL_Driver/Src/stm32f4xx_hal_flash.o
HAL_FLASH_Lock                                    build/debug/Drivers/STM32F4xx_HAL_Driver/Src/stm32f4xx_hal_flash.o
HAL_FLASH_OB_Launch                               build/debug/Drivers/STM32F4xx_HAL_Driver/Src/stm32f4xx_hal_flash.o
HAL_FLASH_OB_Lock                                 build/debug/Drivers/STM32F4xx_HAL_Driver/Src/stm32f4xx_hal_flash.o
HAL_FLASH_OB_Unlock                               build/debug/Drivers/STM32F4xx_HAL_Driver/Src/stm32f4xx_hal_flash.o
HAL_FLASH_OperationErrorCallback                  build/debug/Drivers/STM32F4xx_HAL_Driver/Src/stm32f4xx_hal_flash.o
HAL_FLASH_Program                                 build/debug/Drivers/STM32F4xx_HAL_Driver/Src/stm32f4xx_hal_flash.o
HAL_FLASH_Program_IT                              build/debug/Drivers/STM32F4xx_HAL_Driver/Src/stm32f4xx_hal_flash.o
HAL_FLASH_Unlock                                  build/debug/Drivers/STM32F4xx_HAL_Driver/Src/stm32f4xx_hal_flash.o
HAL_GPIO_DeInit                                   build/debug/Drivers/STM32F4xx_HAL_Driver/Src/stm32f4xx_hal_gpio.o
                                                  build/debug/Core/Src/usart.o
HAL_GPIO_EXTI_Callback                            build/debug/Drivers/STM32F4xx_HAL_Driver/Src/stm32f4xx_hal_gpio.o
HAL_GPIO_EXTI_IRQHandler                          build/debug/Drivers/STM32F4xx_HAL_Driver/Src/stm32f4xx_hal_gpio.o
HAL_GPIO_Init                                     build/debug/Drivers/STM32F4xx_HAL_Driver/Src/stm32f4xx_hal_gpio.o
                                                  build/debug/Drivers/STM32F4xx_HAL_Driver/Src/stm32f4xx_hal_rcc.o
                                                  build/debug/Core/Src/usart.o
                                                  build/debug/Core/Src/gpio.o
HAL_GPIO_LockPin                                  build/debug/Drivers/STM32F4xx_HAL_Driver/Src/stm32f4xx_hal_gpio.o
HAL_GPIO_ReadPin                                  build/debug/Drivers/STM32F4xx_HAL_Driver/Src/stm32f4xx_hal_gpio.o
HAL_GPIO_TogglePin                                build/debug/Drivers/STM32F4xx_HAL_Driver/Src/stm32f4xx_hal_gpio.o
                                                  build/debug/Core/Src/main.o
HAL_GPIO_WritePin                                 build/debug/Drivers/STM32F4xx_HAL_Driver/Src/stm32f4xx_hal_gpio.o
                                                  build/debug/Core/Src/gpio.o
HAL_GetDEVID                                      build/debug/Drivers/STM32F4xx_HAL_Driver/Src/stm32f4xx_hal.o
HAL_GetHalVersion                                 build/debug/Drivers/STM32F4xx_HAL_Driver/Src/stm32f4xx_hal.o
HAL_GetREVID                                      build/debug/Drivers/STM32F4xx_HAL_Driver/Src/stm32f4xx_hal.o
HAL_GetTick                                       build/debug/Drivers/STM32F4xx_HAL_Driver/Src/stm32f4xx_hal.o
                                                  build/debug/Drivers/STM32F4xx_HAL_Driver/Src/stm32f4xx_hal_uart.o
                                                  build/debug/Drivers/STM32F4xx_HAL_Driver/Src/stm32f4xx_hal_rcc_ex.o
                                                  build/debug/Drivers/STM32F4xx_HAL_Driver/Src/stm32f4xx_hal_rcc.o
                                                  build/debug/Drivers/STM32F4xx_HAL_Driver/Src/stm32f4xx_hal_pwr_ex.o
                                                  build/debug/Drivers/STM32F4xx_HAL_Driver/Src/stm32f4xx_hal_flash.o
                                                  build/debug/Drivers/STM32F4xx_HAL_Driver/Src/stm32f4xx_hal_dma.o
HAL_GetTickFreq                                   build/debug/Drivers/STM32F4xx_HAL_Driver/Src/stm32f4xx_hal.o
HAL_GetTickPrio                                   build/debug/Drivers/STM32F4xx_HAL_Driver/Src/stm32f4xx_hal.o
HAL_GetUIDw0                                      build/debug/Drivers/STM32F4xx_HAL_Driver/Src/stm32f4xx_hal.o
HAL_GetUIDw1                                      build/debug/Drivers/STM32F4xx_HAL_Driver/Src/stm32f4xx_hal.o
HAL_GetUIDw2                                      build/debug/Drivers/STM32F4xx_HAL_Driver/Src/stm32f4xx_hal.o
HAL_HalfDuplex_EnableReceiver                     build/debug/Drivers/STM32F4xx_HAL_Driver/Src/stm32f4xx_hal_uart.o
HAL_HalfDuplex_EnableTransmitter                  build/debug/Drivers/STM32F4xx_HAL_Driver/Src/stm32f4xx_hal_uart.o
HAL_HalfDuplex_Init                               build/debug/Drivers/STM32F4xx_HAL_Driver/Src/stm32f4xx_hal_uart.o
HAL_IncTick                                       build/debug/Drivers/STM32F4xx_HAL_Driver/Src/stm32f4xx_hal.o
                                                  build/debug/Core/Src/stm32f4xx_it.o
HAL_Init                                          build/debug/Drivers/STM32F4xx_HAL_Driver/Src/stm32f4xx_hal.o
                                                  build/debug/Core/Src/main.o
HAL_InitTick                                      build/debug/Drivers/STM32F4xx_HAL_Driver/Src/stm32f4xx_hal.o
                                                  build/debug/Drivers/STM32F4xx_HAL_Driver/Src/stm32f4xx_hal_rcc_ex.o
                                                  build/debug/Drivers/STM32F4xx_HAL_Driver/Src/stm32f4xx_hal_rcc.o
HAL_LIN_Init                                      build/debug/Drivers/STM32F4xx_HAL_Driver/Src/stm32f4xx_hal_uart.o
HAL_LIN_SendBreak                                 build/debug/Drivers/STM32F4xx_HAL_Driver/Src/stm32f4xx_hal_uart.o
HAL_MPU_ConfigRegion                              build/debug/Drivers/STM32F4xx_HAL_Driver/Src/stm32f4xx_hal_cortex.o
HAL_MPU_Disable                                   build/debug/Drivers/STM32F4xx_HAL_Driver/Src/stm32f4xx_hal_cortex.o
HAL_MPU_Enable                                    build/debug/Drivers/STM32F4xx_HAL_Driver/Src/stm32f4xx_hal_cortex.o
HAL_MspDeInit                                     build/debug/Drivers/STM32F4xx_HAL_Driver/Src/stm32f4xx_hal.o
HAL_MspInit                                       build/debug/Core/Src/stm32f4xx_hal_msp.o
HAL_MultiProcessor_EnterMuteMode                  build/debug/Drivers/STM32F4xx_HAL_Driver/Src/stm32f4xx_hal_uart.o
HAL_MultiProcessor_ExitMuteMode                   build/debug/Drivers/STM32F4xx_HAL_Driver/Src/stm32f4xx_hal_uart.o
HAL_MultiProcessor_Init                           build/debug/Drivers/STM32F4xx_HAL_Driver/Src/stm32f4xx_hal_uart.o
HAL_NVIC_ClearPendingIRQ                          build/debug/Drivers/STM32F4xx_HAL_Driver/Src/stm32f4xx_hal_cortex.o
HAL_NVIC_DisableIRQ                               build/debug/Drivers/STM32F4xx_HAL_Driver/Src/stm32f4xx_hal_cortex.o
HAL_NVIC_EnableIRQ                                build/debug/Drivers/STM32F4xx_HAL_Driver/Src/stm32f4xx_hal_cortex.o
HAL_NVIC_GetActive                                build/debug/Drivers/STM32F4xx_HAL_Driver/Src/stm32f4xx_hal_cortex.o
HAL_NVIC_GetPendingIRQ                            build/debug/Drivers/STM32F4xx_HAL_Driver/Src/stm32f4xx_hal_cortex.o
HAL_NVIC_GetPriority                              build/debug/Drivers/STM32F4xx_HAL_Driver/Src/stm32f4xx_hal_cortex.o
HAL_NVIC_GetPriorityGrouping                      build/debug/Drivers/STM32F4xx_HAL_Driver/Src/stm32f4xx_hal_cortex.o
HAL_NVIC_SetPendingIRQ                            build/debug/Drivers/STM32F4xx_HAL_Driver/Src/stm32f4xx_hal_cortex.o
HAL_NVIC_SetPriority                              build/debug/Drivers/STM32F4xx_HAL_Driver/Src/stm32f4xx_hal_cortex.o
                                                  build/debug/Drivers/STM32F4xx_HAL_Driver/Src/stm32f4xx_hal.o
HAL_NVIC_SetPriorityGrouping                      build/debug/Drivers/STM32F4xx_HAL_Driver/Src/stm32f4xx_hal_cortex.o
                                                  build/debug/Drivers/STM32F4xx_HAL_Driver/Src/stm32f4xx_hal.o
HAL_NVIC_SystemReset                              build/debug/Drivers/STM32F4xx_HAL_Driver/Src/stm32f4xx_hal_cortex.o
HAL_PWREx_ControlVoltageScaling                   build/debug/Drivers/STM32F4xx_HAL_Driver/Src/stm32f4xx_hal_pwr_ex.o
HAL_PWREx_DisableBkUpReg                          build/debug/Drivers/STM32F4xx_HAL_Driver/Src/stm32f4xx_hal_pwr_ex.o
HAL_PWREx_DisableFlashPowerDown                   build/debug/Drivers/STM32F4xx_HAL_Driver/Src/stm32f4xx_hal_pwr_ex.o
HAL_PWREx_DisableLowRegulatorLowVoltage           build/debug/Drivers/STM32F4xx_HAL_Driver/Src/stm32f4xx_hal_pwr_ex.o
HAL_PWREx_DisableMainRegulatorLowVoltage          build/debug/Drivers/STM32F4xx_HAL_Driver/Src/stm32f4xx_hal_pwr_ex.o
HAL_PWREx_EnableBkUpReg                           build/debug/Drivers/STM32F4xx_HAL_Driver/Src/stm32f4xx_hal_pwr_ex.o
HAL_PWREx_EnableFlashPowerDown                    build/debug/Drivers/STM32F4xx_HAL_Driver/Src/stm32f4xx_hal_pwr_ex.o
HAL_PWREx_EnableLowRegulatorLowVoltage            build/debug/Drivers/STM32F4xx_HAL_Driver/Src/stm32f4xx_hal_pwr_ex.o
HAL_PWREx_EnableMainRegulatorLowVoltage           build/debug/Drivers/STM32F4xx_HAL_Driver/Src/stm32f4xx_hal_pwr_ex.o
HAL_PWREx_GetVoltageRange                         build/debug/Drivers/STM32F4xx_HAL_Driver/Src/stm32f4xx_hal_pwr_ex.o
HAL_PWR_ConfigPVD                                 build/debug/Drivers/STM32F4xx_HAL_Driver/Src/stm32f4xx_hal_pwr.o
HAL_PWR_DeInit                                    build/debug/Drivers/STM32F4xx_HAL_Driver/Src/stm32f4xx_hal_pwr.o
HAL_PWR_DisableBkUpAccess                         build/debug/Drivers/STM32F4xx_HAL_Driver/Src/stm32f4xx_hal_pwr.o
HAL_PWR_DisablePVD                                build/debug/Drivers/STM32F4xx_HAL_Driver/Src/stm32f4xx_hal_pwr.o
HAL_PWR_DisableSEVOnPend                          build/debug/Drivers/STM32F4xx_HAL_Driver/Src/stm32f4xx_hal_pwr.o
HAL_PWR_DisableSleepOnExit                        build/debug/Drivers/STM32F4xx_HAL_Driver/Src/stm32f4xx_hal_pwr.o
HAL_PWR_DisableWakeUpPin                          build/debug/Drivers/STM32F4xx_HAL_Driver/Src/stm32f4xx_hal_pwr.o
HAL_PWR_EnableBkUpAccess                          build/debug/Drivers/STM32F4xx_HAL_Driver/Src/stm32f4xx_hal_pwr.o
HAL_PWR_EnablePVD                                 build/debug/Drivers/STM32F4xx_HAL_Driver/Src/stm32f4xx_hal_pwr.o
HAL_PWR_EnableSEVOnPend                           build/debug/Drivers/STM32F4xx_HAL_Driver/Src/stm32f4xx_hal_pwr.o
HAL_PWR_EnableSleepOnExit                         build/debug/Drivers/STM32F4xx_HAL_Driver/Src/stm32f4xx_hal_pwr.o
HAL_PWR_EnableWakeUpPin                           build/debug/Drivers/STM32F4xx_HAL_Driver/Src/stm32f4xx_hal_pwr.o
HAL_PWR_EnterSLEEPMode                            build/debug/Drivers/STM32F4xx_HAL_Driver/Src/stm32f4xx_hal_pwr.o
HAL_PWR_EnterSTANDBYMode                          build/debug/Drivers/STM32F4xx_HAL_Driver/Src/stm32f4xx_hal_pwr.o
HAL_PWR_EnterSTOPMode                             build/debug/Drivers/STM32F4xx_HAL_Driver/Src/stm32f4xx_hal_pwr.o
HAL_PWR_PVDCallback                               build/debug/Drivers/STM32F4xx_HAL_Driver/Src/stm32f4xx_hal_pwr.o
HAL_PWR_PVD_IRQHandler                            build/debug/Drivers/STM32F4xx_HAL_Driver/Src/stm32f4xx_hal_pwr.o
HAL_RCCEx_DisablePLLI2S                           build/debug/Drivers/STM32F4xx_HAL_Driver/Src/stm32f4xx_hal_rcc_ex.o
HAL_RCCEx_EnablePLLI2S                            build/debug/Drivers/STM32F4xx_HAL_Driver/Src/stm32f4xx_hal_rcc_ex.o
HAL_RCCEx_GetPeriphCLKConfig                      build/debug/Drivers/STM32F4xx_HAL_Driver/Src/stm32f4xx_hal_rcc_ex.o
HAL_RCCEx_GetPeriphCLKFreq                        build/debug/Drivers/STM32F4xx_HAL_Driver/Src/stm32f4xx_hal_rcc_ex.o
HAL_RCCEx_PeriphCLKConfig                         build/debug/Drivers/STM32F4xx_HAL_Driver/Src/stm32f4xx_hal_rcc_ex.o
HAL_RCCEx_SelectLSEMode                           build/debug/Drivers/STM32F4xx_HAL_Driver/Src/stm32f4xx_hal_rcc_ex.o
HAL_RCC_CSSCallback                               build/debug/Drivers/STM32F4xx_HAL_Driver/Src/stm32f4xx_hal_rcc.o
HAL_RCC_ClockConfig                               build/debug/Drivers/STM32F4xx_HAL_Driver/Src/stm32f4xx_hal_rcc.o
                                                  build/debug/Core/Src/main.o
HAL_RCC_DeInit                                    build/debug/Drivers/STM32F4xx_HAL_Driver/Src/stm32f4xx_hal_rcc_ex.o
                                                  build/debug/Drivers/STM32F4xx_HAL_Driver/Src/stm32f4xx_hal_rcc.o
HAL_RCC_DisableCSS                                build/debug/Drivers/STM32F4xx_HAL_Driver/Src/stm32f4xx_hal_rcc.o
HAL_RCC_EnableCSS                                 build/debug/Drivers/STM32F4xx_HAL_Driver/Src/stm32f4xx_hal_rcc.o
HAL_RCC_GetClockConfig                            build/debug/Drivers/STM32F4xx_HAL_Driver/Src/stm32f4xx_hal_rcc.o
HAL_RCC_GetHCLKFreq                               build/debug/Drivers/STM32F4xx_HAL_Driver/Src/stm32f4xx_hal_rcc.o
HAL_RCC_GetOscConfig                              build/debug/Drivers/STM32F4xx_HAL_Driver/Src/stm32f4xx_hal_rcc.o
HAL_RCC_GetPCLK1Freq                              build/debug/Drivers/STM32F4xx_HAL_Driver/Src/stm32f4xx_hal_rcc.o
                                                  build/debug/Drivers/STM32F4xx_HAL_Driver/Src/stm32f4xx_hal_uart.o
HAL_RCC_GetPCLK2Freq                              build/debug/Drivers/STM32F4xx_HAL_Driver/Src/stm32f4xx_hal_rcc.o
                                                  build/debug/Drivers/STM32F4xx_HAL_Driver/Src/stm32f4xx_hal_uart.o
HAL_RCC_GetSysClockFreq                           build/debug/Drivers/STM32F4xx_HAL_Driver/Src/stm32f4xx_hal_rcc.o
HAL_RCC_MCOConfig                                 build/debug/Drivers/STM32F4xx_HAL_Driver/Src/stm32f4xx_hal_rcc.o
HAL_RCC_NMI_IRQHandler                            build/debug/Drivers/STM32F4xx_HAL_Driver/Src/stm32f4xx_hal_rcc.o
HAL_RCC_OscConfig                                 build/debug/Drivers/STM32F4xx_HAL_Driver/Src/stm32f4xx_hal_rcc.o
                                                  build/debug/Core/Src/main.o
HAL_ResumeTick                                    build/debug/Drivers/STM32F4xx_HAL_Driver/Src/stm32f4xx_hal.o
HAL_SYSTICK_CLKSourceConfig                       build/debug/Drivers/STM32F4xx_HAL_Driver/Src/stm32f4xx_hal_cortex.o
HAL_SYSTICK_Callback                              build/debug/Drivers/STM32F4xx_HAL_Driver/Src/stm32f4xx_hal_cortex.o
HAL_SYSTICK_Config                                build/debug/Drivers/STM32F4xx_HAL_Driver/Src/stm32f4xx_hal_cortex.o
                                                  build/debug/Drivers/STM32F4xx_HAL_Driver/Src/stm32f4xx_hal.o
HAL_SYSTICK_IRQHandler                            build/debug/Drivers/STM32F4xx_HAL_Driver/Src/stm32f4xx_hal_cortex.o
HAL_SetTickFreq                                   build/debug/Drivers/STM32F4xx_HAL_Driver/Src/stm32f4xx_hal.o
HAL_SuspendTick                                   build/debug/Drivers/STM32F4xx_HAL_Driver/Src/stm32f4xx_hal.o
HAL_UARTEx_ReceiveToIdle                          build/debug/Drivers/STM32F4xx_HAL_Driver/Src/stm32f4xx_hal_uart.o
HAL_UARTEx_ReceiveToIdle_DMA                      build/debug/Drivers/STM32F4xx_HAL_Driver/Src/stm32f4xx_hal_uart.o
HAL_UARTEx_ReceiveToIdle_IT                       build/debug/Drivers/STM32F4xx_HAL_Driver/Src/stm32f4xx_hal_uart.o
HAL_UARTEx_RxEventCallback                        build/debug/Drivers/STM32F4xx_HAL_Driver/Src/stm32f4xx_hal_uart.o
HAL_UART_Abort                                    build/debug/Drivers/STM32F4xx_HAL_Driver/Src/stm32f4xx_hal_uart.o
HAL_UART_AbortCpltCallback                        build/debug/Drivers/STM32F4xx_HAL_Driver/Src/stm32f4xx_hal_uart.o
HAL_UART_AbortReceive                             build/debug/Drivers/STM32F4xx_HAL_Driver/Src/stm32f4xx_hal_uart.o
HAL_UART_AbortReceiveCpltCallback                 build/debug/Drivers/STM32F4xx_HAL_Driver/Src/stm32f4xx_hal_uart.o
HAL_UART_AbortReceive_IT                          build/debug/Drivers/STM32F4xx_HAL_Driver/Src/stm32f4xx_hal_uart.o
HAL_UART_AbortTransmit                            build/debug/Drivers/STM32F4xx_HAL_Driver/Src/stm32f4xx_hal_uart.o
HAL_UART_AbortTransmitCpltCallback                build/debug/Drivers/STM32F4xx_HAL_Driver/Src/stm32f4xx_hal_uart.o
HAL_UART_AbortTransmit_IT                         build/debug/Drivers/STM32F4xx_HAL_Driver/Src/stm32f4xx_hal_uart.o
HAL_UART_Abort_IT                                 build/debug/Drivers/STM32F4xx_HAL_Driver/Src/stm32f4xx_hal_uart.o
HAL_UART_DMAPause                                 build/debug/Drivers/STM32F4xx_HAL_Driver/Src/stm32f4xx_hal_uart.o
HAL_UART_DMAResume                                build/debug/Drivers/STM32F4xx_HAL_Driver/Src/stm32f4xx_hal_uart.o
HAL_UART_DMAStop                                  build/debug/Drivers/STM32F4xx_HAL_Driver/Src/stm32f4xx_hal_uart.o
HAL_UART_DeInit                                   build/debug/Drivers/STM32F4xx_HAL_Driver/Src/stm32f4xx_hal_uart.o
HAL_UART_ErrorCallback                            build/debug/Drivers/STM32F4xx_HAL_Driver/Src/stm32f4xx_hal_uart.o
HAL_UART_GetError                                 build/debug/Drivers/STM32F4xx_HAL_Driver/Src/stm32f4xx_hal_uart.o
HAL_UART_GetState                                 build/debug/Drivers/STM32F4xx_HAL_Driver/Src/stm32f4xx_hal_uart.o
HAL_UART_IRQHandler                               build/debug/Drivers/STM32F4xx_HAL_Driver/Src/stm32f4xx_hal_uart.o
HAL_UART_Init                                     build/debug/Drivers/STM32F4xx_HAL_Driver/Src/stm32f4xx_hal_uart.o
                                                  build/debug/Core/Src/usart.o
HAL_UART_MspDeInit                                build/debug/Core/Src/usart.o
HAL_UART_MspInit                                  build/debug/Core/Src/usart.o
HAL_UART_Receive                                  build/debug/Drivers/STM32F4xx_HAL_Driver/Src/stm32f4xx_hal_uart.o
HAL_UART_Receive_DMA                              build/debug/Drivers/STM32F4xx_HAL_Driver/Src/stm32f4xx_hal_uart.o
HAL_UART_Receive_IT                               build/debug/Drivers/STM32F4xx_HAL_Driver/Src/stm32f4xx_hal_uart.o
HAL_UART_RxCpltCallback                           build/debug/Drivers/STM32F4xx_HAL_Driver/Src/stm32f4xx_hal_uart.o
HAL_UART_RxHalfCpltCallback                       build/debug/Drivers/STM32F4xx_HAL_Driver/Src/stm32f4xx_hal_uart.o
HAL_UART_Transmit                                 build/debug/Drivers/STM32F4xx_HAL_Driver/Src/stm32f4xx_hal_uart.o
                                                  build/debug/Core/Src/main.o
HAL_UART_Transmit_DMA                             build/debug/Drivers/STM32F4xx_HAL_Driver/Src/stm32f4xx_hal_uart.o
HAL_UART_Transmit_IT                              build/debug/Drivers/STM32F4xx_HAL_Driver/Src/stm32f4xx_hal_uart.o
HAL_UART_TxCpltCallback                           build/debug/Drivers/STM32F4xx_HAL_Driver/Src/stm32f4xx_hal_uart.o
HAL_UART_TxHalfCpltCallback                       build/debug/Drivers/STM32F4xx_HAL_Driver/Src/stm32f4xx_hal_uart.o
HardFault_Handler                                 build/debug/Core/Src/stm32f4xx_it.o
I2C1_ER_IRQHandler                                build/debug/startup_stm32f411xe.o
I2C1_EV_IRQHandler                                build/debug/startup_stm32f411xe.o
I2C2_ER_IRQHandler                                build/debug/startup_stm32f411xe.o
I2C2_EV_IRQHandler                                build/debug/startup_stm32f411xe.o
I2C3_ER_IRQHandler                                build/debug/startup_stm32f411xe.o
I2C3_EV_IRQHandler                                build/debug/startup_stm32f411xe.o
MX_GPIO_Init                                      build/debug/Core/Src/gpio.o
                                                  build/debug/Core/Src/main.o
MX_USART1_UART_Init                               build/debug/Core/Src/usart.o
                                                  build/debug/Core/Src/main.o
MemManage_Handler                                 build/debug/Core/Src/stm32f4xx_it.o
NMI_Handler                                       build/debug/Core/Src/stm32f4xx_it.o
OTG_FS_IRQHandler                                 build/debug/startup_stm32f411xe.o
OTG_FS_WKUP_IRQHandler                            build/debug/startup_stm32f411xe.o
PVD_IRQHandler                                    build/debug/startup_stm32f411xe.o
PendSV_Handler                                    build/debug/Core/Src/stm32f4xx_it.o
RCC_IRQHandler                                    build/debug/startup_stm32f411xe.o
RTC_Alarm_IRQHandler                              build/debug/startup_stm32f411xe.o
RTC_WKUP_IRQHandler                               build/debug/startup_stm32f411xe.o
Reset_Handler                                     build/debug/startup_stm32f411xe.o
SDIO_IRQHandler                                   build/debug/startup_stm32f411xe.o
SPI1_IRQHandler                                   build/debug/startup_stm32f411xe.o
SPI2_IRQHandler                                   build/debug/startup_stm32f411xe.o
SPI3_IRQHandler                                   build/debug/startup_stm32f411xe.o
SPI4_IRQHandler                                   build/debug/startup_stm32f411xe.o
SPI5_IRQHandler                                   build/debug/startup_stm32f411xe.o
SVC_Handler                                       build/debug/Core/Src/stm32f4xx_it.o
SysTick_Handler                                   build/debug/Core/Src/stm32f4xx_it.o
SystemClock_Config                                build/debug/Core/Src/main.o
SystemCoreClock                                   build/debug/Core/Src/system_stm32f4xx.o
                                                  build/debug/Drivers/STM32F4xx_HAL_Driver/Src/stm32f4xx_hal_rcc_ex.o
                                                  build/debug/Drivers/STM32F4xx_HAL_Driver/Src/stm32f4xx_hal_rcc.o
                                                  build/debug/Drivers/STM32F4xx_HAL_Driver/Src/stm32f4xx_hal_dma.o
                                                  build/debug/Drivers/STM32F4xx_HAL_Driver/Src/stm32f4xx_hal.o
SystemCoreClockUpdate                             build/debug/Core/Src/system_stm32f4xx.o
SystemInit                                        build/debug/Core/Src/system_stm32f4xx.o
                                                  build/debug/startup_stm32f411xe.o
TAMP_STAMP_IRQHandler                             build/debug/startup_stm32f411xe.o
TIM1_BRK_TIM9_IRQHandler                          build/debug/startup_stm32f411xe.o
TIM1_CC_IRQHandler                                build/debug/startup_stm32f411xe.o
TIM1_TRG_COM_TIM11_IRQHandler                     build/debug/startup_stm32f411xe.o
TIM1_UP_TIM10_IRQHandler                          build/debug/startup_stm32f411xe.o
TIM2_IRQHandler                                   build/debug/startup_stm32f411xe.o
TIM3_IRQHandler                                   build/debug/startup_stm32f411xe.o
TIM4_IRQHandler                                   build/debug/startup_stm32f411xe.o
TIM5_IRQHandler                                   build/debug/startup_stm32f411xe.o
UART_Start_Receive_DMA                            build/debug/Drivers/STM32F4xx_HAL_Driver/Src/stm32f4xx_hal_uart.o
UART_Start_Receive_IT                             build/debug/Drivers/STM32F4xx_HAL_Driver/Src/stm32f4xx_hal_uart.o
USART1_IRQHandler                                 build/debug/startup_stm32f411xe.o
USART2_IRQHandler                                 build/debug/startup_stm32f411xe.o
USART6_IRQHandler                                 build/debug/startup_stm32f411xe.o
UsageFault_Handler                                build/debug/Core/Src/stm32f4xx_it.o
WWDG_IRQHandler                                   build/debug/startup_stm32f411xe.o
_ITM_deregisterTMCloneTable                       C:/USERS/ADMIN/SCOOP/APPS/GCC-ARM-NONE-EABI/CURRENT/BIN/../lib/gcc/arm-none-eabi/13.3.1/thumb/v7e-m+fp/hard/crtbegin.o
_ITM_registerTMCloneTable                         C:/USERS/ADMIN/SCOOP/APPS/GCC-ARM-NONE-EABI/CURRENT/BIN/../lib/gcc/arm-none-eabi/13.3.1/thumb/v7e-m+fp/hard/crtbegin.o
__TMC_END__                                       C:/USERS/ADMIN/SCOOP/APPS/GCC-ARM-NONE-EABI/CURRENT/BIN/../lib/gcc/arm-none-eabi/13.3.1/thumb/v7e-m+fp/hard/crtend.o
                                                  C:/USERS/ADMIN/SCOOP/APPS/GCC-ARM-NONE-EABI/CURRENT/BIN/../lib/gcc/arm-none-eabi/13.3.1/thumb/v7e-m+fp/hard/crtbegin.o
__aeabi_idiv0                                     C:/USERS/ADMIN/SCOOP/APPS/GCC-ARM-NONE-EABI/CURRENT/BIN/../lib/gcc/arm-none-eabi/13.3.1/thumb/v7e-m+fp/hard\libgcc.a(_dvmd_tls.o)
__aeabi_ldiv0                                     C:/USERS/ADMIN/SCOOP/APPS/GCC-ARM-NONE-EABI/CURRENT/BIN/../lib/gcc/arm-none-eabi/13.3.1/thumb/v7e-m+fp/hard\libgcc.a(_dvmd_tls.o)
                                                  C:/USERS/ADMIN/SCOOP/APPS/GCC-ARM-NONE-EABI/CURRENT/BIN/../lib/gcc/arm-none-eabi/13.3.1/thumb/v7e-m+fp/hard\libgcc.a(_aeabi_uldivmod.o)
__aeabi_uldivmod                                  C:/USERS/ADMIN/SCOOP/APPS/GCC-ARM-NONE-EABI/CURRENT/BIN/../lib/gcc/arm-none-eabi/13.3.1/thumb/v7e-m+fp/hard\libgcc.a(_aeabi_uldivmod.o)
                                                  build/debug/Drivers/STM32F4xx_HAL_Driver/Src/stm32f4xx_hal_uart.o
                                                  build/debug/Drivers/STM32F4xx_HAL_Driver/Src/stm32f4xx_hal_rcc.o
__bss_end__                                       C:/USERS/ADMIN/SCOOP/APPS/GCC-ARM-NONE-EABI/CURRENT/BIN/../lib/gcc/arm-none-eabi/13.3.1/thumb/v7e-m+fp/hard/crt0.o
__bss_start__                                     C:/USERS/ADMIN/SCOOP/APPS/GCC-ARM-NONE-EABI/CURRENT/BIN/../lib/gcc/arm-none-eabi/13.3.1/thumb/v7e-m+fp/hard/crt0.o
__call_exitprocs                                  C:/USERS/ADMIN/SCOOP/APPS/GCC-ARM-NONE-EABI/CURRENT/BIN/../lib/gcc/arm-none-eabi/13.3.1/thumb/v7e-m+fp/hard\libc_nano.a(libc_a-exit.o)
__deregister_frame_info                           C:/USERS/ADMIN/SCOOP/APPS/GCC-ARM-NONE-EABI/CURRENT/BIN/../lib/gcc/arm-none-eabi/13.3.1/thumb/v7e-m+fp/hard/crtbegin.o
__dso_handle                                      C:/USERS/ADMIN/SCOOP/APPS/GCC-ARM-NONE-EABI/CURRENT/BIN/../lib/gcc/arm-none-eabi/13.3.1/thumb/v7e-m+fp/hard/crtbegin.o
__fp_lock_all                                     C:/USERS/ADMIN/SCOOP/APPS/GCC-ARM-NONE-EABI/CURRENT/BIN/../lib/gcc/arm-none-eabi/13.3.1/thumb/v7e-m+fp/hard\libc_nano.a(libc_a-findfp.o)
__fp_unlock_all                                   C:/USERS/ADMIN/SCOOP/APPS/GCC-ARM-NONE-EABI/CURRENT/BIN/../lib/gcc/arm-none-eabi/13.3.1/thumb/v7e-m+fp/hard\libc_nano.a(libc_a-findfp.o)
__init_array_end                                  C:/USERS/ADMIN/SCOOP/APPS/GCC-ARM-NONE-EABI/CURRENT/BIN/../lib/gcc/arm-none-eabi/13.3.1/thumb/v7e-m+fp/hard\libc_nano.a(libc_a-init.o)
__init_array_start                                C:/USERS/ADMIN/SCOOP/APPS/GCC-ARM-NONE-EABI/CURRENT/BIN/../lib/gcc/arm-none-eabi/13.3.1/thumb/v7e-m+fp/hard\libc_nano.a(libc_a-init.o)
__libc_fini_array                                 C:/USERS/ADMIN/SCOOP/APPS/GCC-ARM-NONE-EABI/CURRENT/BIN/../lib/gcc/arm-none-eabi/13.3.1/thumb/v7e-m+fp/hard/crt0.o
__libc_init_array                                 C:/USERS/ADMIN/SCOOP/APPS/GCC-ARM-NONE-EABI/CURRENT/BIN/../lib/gcc/arm-none-eabi/13.3.1/thumb/v7e-m+fp/hard\libc_nano.a(libc_a-init.o)
                                                  build/debug/startup_stm32f411xe.o
                                                  C:/USERS/ADMIN/SCOOP/APPS/GCC-ARM-NONE-EABI/CURRENT/BIN/../lib/gcc/arm-none-eabi/13.3.1/thumb/v7e-m+fp/hard/crt0.o
__lock___arc4random_mutex                         C:/USERS/ADMIN/SCOOP/APPS/GCC-ARM-NONE-EABI/CURRENT/BIN/../lib/gcc/arm-none-eabi/13.3.1/thumb/v7e-m+fp/hard\libc_nano.a(libc_a-lock.o)
__lock___at_quick_exit_mutex                      C:/USERS/ADMIN/SCOOP/APPS/GCC-ARM-NONE-EABI/CURRENT/BIN/../lib/gcc/arm-none-eabi/13.3.1/thumb/v7e-m+fp/hard\libc_nano.a(libc_a-lock.o)
__lock___atexit_recursive_mutex                   C:/USERS/ADMIN/SCOOP/APPS/GCC-ARM-NONE-EABI/CURRENT/BIN/../lib/gcc/arm-none-eabi/13.3.1/thumb/v7e-m+fp/hard\libc_nano.a(libc_a-lock.o)
__lock___dd_hash_mutex                            C:/USERS/ADMIN/SCOOP/APPS/GCC-ARM-NONE-EABI/CURRENT/BIN/../lib/gcc/arm-none-eabi/13.3.1/thumb/v7e-m+fp/hard\libc_nano.a(libc_a-lock.o)
__lock___env_recursive_mutex                      C:/USERS/ADMIN/SCOOP/APPS/GCC-ARM-NONE-EABI/CURRENT/BIN/../lib/gcc/arm-none-eabi/13.3.1/thumb/v7e-m+fp/hard\libc_nano.a(libc_a-lock.o)
__lock___malloc_recursive_mutex                   C:/USERS/ADMIN/SCOOP/APPS/GCC-ARM-NONE-EABI/CURRENT/BIN/../lib/gcc/arm-none-eabi/13.3.1/thumb/v7e-m+fp/hard\libc_nano.a(libc_a-lock.o)
                                                  C:/USERS/ADMIN/SCOOP/APPS/GCC-ARM-NONE-EABI/CURRENT/BIN/../lib/gcc/arm-none-eabi/13.3.1/thumb/v7e-m+fp/hard\libc_nano.a(libc_a-mlock.o)
__lock___sfp_recursive_mutex                      C:/USERS/ADMIN/SCOOP/APPS/GCC-ARM-NONE-EABI/CURRENT/BIN/../lib/gcc/arm-none-eabi/13.3.1/thumb/v7e-m+fp/hard\libc_nano.a(libc_a-lock.o)
                                                  C:/USERS/ADMIN/SCOOP/APPS/GCC-ARM-NONE-EABI/CURRENT/BIN/../lib/gcc/arm-none-eabi/13.3.1/thumb/v7e-m+fp/hard\libc_nano.a(libc_a-findfp.o)
__lock___tz_mutex                                 C:/USERS/ADMIN/SCOOP/APPS/GCC-ARM-NONE-EABI/CURRENT/BIN/../lib/gcc/arm-none-eabi/13.3.1/thumb/v7e-m+fp/hard\libc_nano.a(libc_a-lock.o)
__malloc_free_list                                C:/USERS/ADMIN/SCOOP/APPS/GCC-ARM-NONE-EABI/CURRENT/BIN/../lib/gcc/arm-none-eabi/13.3.1/thumb/v7e-m+fp/hard\libc_nano.a(libc_a-mallocr.o)
                                                  C:/USERS/ADMIN/SCOOP/APPS/GCC-ARM-NONE-EABI/CURRENT/BIN/../lib/gcc/arm-none-eabi/13.3.1/thumb/v7e-m+fp/hard\libc_nano.a(libc_a-freer.o)
__malloc_lock                                     C:/USERS/ADMIN/SCOOP/APPS/GCC-ARM-NONE-EABI/CURRENT/BIN/../lib/gcc/arm-none-eabi/13.3.1/thumb/v7e-m+fp/hard\libc_nano.a(libc_a-mlock.o)
                                                  C:/USERS/ADMIN/SCOOP/APPS/GCC-ARM-NONE-EABI/CURRENT/BIN/../lib/gcc/arm-none-eabi/13.3.1/thumb/v7e-m+fp/hard\libc_nano.a(libc_a-mallocr.o)
                                                  C:/USERS/ADMIN/SCOOP/APPS/GCC-ARM-NONE-EABI/CURRENT/BIN/../lib/gcc/arm-none-eabi/13.3.1/thumb/v7e-m+fp/hard\libc_nano.a(libc_a-freer.o)
__malloc_sbrk_start                               C:/USERS/ADMIN/SCOOP/APPS/GCC-ARM-NONE-EABI/CURRENT/BIN/../lib/gcc/arm-none-eabi/13.3.1/thumb/v7e-m+fp/hard\libc_nano.a(libc_a-mallocr.o)
__malloc_unlock                                   C:/USERS/ADMIN/SCOOP/APPS/GCC-ARM-NONE-EABI/CURRENT/BIN/../lib/gcc/arm-none-eabi/13.3.1/thumb/v7e-m+fp/hard\libc_nano.a(libc_a-mlock.o)
                                                  C:/USERS/ADMIN/SCOOP/APPS/GCC-ARM-NONE-EABI/CURRENT/BIN/../lib/gcc/arm-none-eabi/13.3.1/thumb/v7e-m+fp/hard\libc_nano.a(libc_a-mallocr.o)
                                                  C:/USERS/ADMIN/SCOOP/APPS/GCC-ARM-NONE-EABI/CURRENT/BIN/../lib/gcc/arm-none-eabi/13.3.1/thumb/v7e-m+fp/hard\libc_nano.a(libc_a-freer.o)
__preinit_array_end                               C:/USERS/ADMIN/SCOOP/APPS/GCC-ARM-NONE-EABI/CURRENT/BIN/../lib/gcc/arm-none-eabi/13.3.1/thumb/v7e-m+fp/hard\libc_nano.a(libc_a-init.o)
__preinit_array_start                             C:/USERS/ADMIN/SCOOP/APPS/GCC-ARM-NONE-EABI/CURRENT/BIN/../lib/gcc/arm-none-eabi/13.3.1/thumb/v7e-m+fp/hard\libc_nano.a(libc_a-init.o)
__register_frame_info                             C:/USERS/ADMIN/SCOOP/APPS/GCC-ARM-NONE-EABI/CURRENT/BIN/../lib/gcc/arm-none-eabi/13.3.1/thumb/v7e-m+fp/hard/crtbegin.o
__retarget_lock_acquire                           C:/USERS/ADMIN/SCOOP/APPS/GCC-ARM-NONE-EABI/CURRENT/BIN/../lib/gcc/arm-none-eabi/13.3.1/thumb/v7e-m+fp/hard\libc_nano.a(libc_a-lock.o)
__retarget_lock_acquire_recursive                 C:/USERS/ADMIN/SCOOP/APPS/GCC-ARM-NONE-EABI/CURRENT/BIN/../lib/gcc/arm-none-eabi/13.3.1/thumb/v7e-m+fp/hard\libc_nano.a(libc_a-lock.o)
                                                  C:/USERS/ADMIN/SCOOP/APPS/GCC-ARM-NONE-EABI/CURRENT/BIN/../lib/gcc/arm-none-eabi/13.3.1/thumb/v7e-m+fp/hard\libc_nano.a(libc_a-fflush.o)
                                                  C:/USERS/ADMIN/SCOOP/APPS/GCC-ARM-NONE-EABI/CURRENT/BIN/../lib/gcc/arm-none-eabi/13.3.1/thumb/v7e-m+fp/hard\libc_nano.a(libc_a-mlock.o)
                                                  C:/USERS/ADMIN/SCOOP/APPS/GCC-ARM-NONE-EABI/CURRENT/BIN/../lib/gcc/arm-none-eabi/13.3.1/thumb/v7e-m+fp/hard\libc_nano.a(libc_a-findfp.o)
__retarget_lock_close                             C:/USERS/ADMIN/SCOOP/APPS/GCC-ARM-NONE-EABI/CURRENT/BIN/../lib/gcc/arm-none-eabi/13.3.1/thumb/v7e-m+fp/hard\libc_nano.a(libc_a-lock.o)
__retarget_lock_close_recursive                   C:/USERS/ADMIN/SCOOP/APPS/GCC-ARM-NONE-EABI/CURRENT/BIN/../lib/gcc/arm-none-eabi/13.3.1/thumb/v7e-m+fp/hard\libc_nano.a(libc_a-lock.o)
__retarget_lock_init                              C:/USERS/ADMIN/SCOOP/APPS/GCC-ARM-NONE-EABI/CURRENT/BIN/../lib/gcc/arm-none-eabi/13.3.1/thumb/v7e-m+fp/hard\libc_nano.a(libc_a-lock.o)
__retarget_lock_init_recursive                    C:/USERS/ADMIN/SCOOP/APPS/GCC-ARM-NONE-EABI/CURRENT/BIN/../lib/gcc/arm-none-eabi/13.3.1/thumb/v7e-m+fp/hard\libc_nano.a(libc_a-lock.o)
                                                  C:/USERS/ADMIN/SCOOP/APPS/GCC-ARM-NONE-EABI/CURRENT/BIN/../lib/gcc/arm-none-eabi/13.3.1/thumb/v7e-m+fp/hard\libc_nano.a(libc_a-findfp.o)
__retarget_lock_release                           C:/USERS/ADMIN/SCOOP/APPS/GCC-ARM-NONE-EABI/CURRENT/BIN/../lib/gcc/arm-none-eabi/13.3.1/thumb/v7e-m+fp/hard\libc_nano.a(libc_a-lock.o)
__retarget_lock_release_recursive                 C:/USERS/ADMIN/SCOOP/APPS/GCC-ARM-NONE-EABI/CURRENT/BIN/../lib/gcc/arm-none-eabi/13.3.1/thumb/v7e-m+fp/hard\libc_nano.a(libc_a-lock.o)
                                                  C:/USERS/ADMIN/SCOOP/APPS/GCC-ARM-NONE-EABI/CURRENT/BIN/../lib/gcc/arm-none-eabi/13.3.1/thumb/v7e-m+fp/hard\libc_nano.a(libc_a-fflush.o)
                                                  C:/USERS/ADMIN/SCOOP/APPS/GCC-ARM-NONE-EABI/CURRENT/BIN/../lib/gcc/arm-none-eabi/13.3.1/thumb/v7e-m+fp/hard\libc_nano.a(libc_a-mlock.o)
                                                  C:/USERS/ADMIN/SCOOP/APPS/GCC-ARM-NONE-EABI/CURRENT/BIN/../lib/gcc/arm-none-eabi/13.3.1/thumb/v7e-m+fp/hard\libc_nano.a(libc_a-findfp.o)
__retarget_lock_try_acquire                       C:/USERS/ADMIN/SCOOP/APPS/GCC-ARM-NONE-EABI/CURRENT/BIN/../lib/gcc/arm-none-eabi/13.3.1/thumb/v7e-m+fp/hard\libc_nano.a(libc_a-lock.o)
__retarget_lock_try_acquire_recursive             C:/USERS/ADMIN/SCOOP/APPS/GCC-ARM-NONE-EABI/CURRENT/BIN/../lib/gcc/arm-none-eabi/13.3.1/thumb/v7e-m+fp/hard\libc_nano.a(libc_a-lock.o)
__sclose                                          C:/USERS/ADMIN/SCOOP/APPS/GCC-ARM-NONE-EABI/CURRENT/BIN/../lib/gcc/arm-none-eabi/13.3.1/thumb/v7e-m+fp/hard\libc_nano.a(libc_a-stdio.o)
                                                  C:/USERS/ADMIN/SCOOP/APPS/GCC-ARM-NONE-EABI/CURRENT/BIN/../lib/gcc/arm-none-eabi/13.3.1/thumb/v7e-m+fp/hard\libc_nano.a(libc_a-findfp.o)
__seofread                                        C:/USERS/ADMIN/SCOOP/APPS/GCC-ARM-NONE-EABI/CURRENT/BIN/../lib/gcc/arm-none-eabi/13.3.1/thumb/v7e-m+fp/hard\libc_nano.a(libc_a-stdio.o)
__sf                                              C:/USERS/ADMIN/SCOOP/APPS/GCC-ARM-NONE-EABI/CURRENT/BIN/../lib/gcc/arm-none-eabi/13.3.1/thumb/v7e-m+fp/hard\libc_nano.a(libc_a-findfp.o)
                                                  C:/USERS/ADMIN/SCOOP/APPS/GCC-ARM-NONE-EABI/CURRENT/BIN/../lib/gcc/arm-none-eabi/13.3.1/thumb/v7e-m+fp/hard\libc_nano.a(libc_a-impure.o)
__sflush_r                                        C:/USERS/ADMIN/SCOOP/APPS/GCC-ARM-NONE-EABI/CURRENT/BIN/../lib/gcc/arm-none-eabi/13.3.1/thumb/v7e-m+fp/hard\libc_nano.a(libc_a-fflush.o)
__sfp                                             C:/USERS/ADMIN/SCOOP/APPS/GCC-ARM-NONE-EABI/CURRENT/BIN/../lib/gcc/arm-none-eabi/13.3.1/thumb/v7e-m+fp/hard\libc_nano.a(libc_a-findfp.o)
__sfp_lock_acquire                                C:/USERS/ADMIN/SCOOP/APPS/GCC-ARM-NONE-EABI/CURRENT/BIN/../lib/gcc/arm-none-eabi/13.3.1/thumb/v7e-m+fp/hard\libc_nano.a(libc_a-findfp.o)
__sfp_lock_release                                C:/USERS/ADMIN/SCOOP/APPS/GCC-ARM-NONE-EABI/CURRENT/BIN/../lib/gcc/arm-none-eabi/13.3.1/thumb/v7e-m+fp/hard\libc_nano.a(libc_a-findfp.o)
__sglue                                           C:/USERS/ADMIN/SCOOP/APPS/GCC-ARM-NONE-EABI/CURRENT/BIN/../lib/gcc/arm-none-eabi/13.3.1/thumb/v7e-m+fp/hard\libc_nano.a(libc_a-findfp.o)
                                                  C:/USERS/ADMIN/SCOOP/APPS/GCC-ARM-NONE-EABI/CURRENT/BIN/../lib/gcc/arm-none-eabi/13.3.1/thumb/v7e-m+fp/hard\libc_nano.a(libc_a-fflush.o)
__sinit                                           C:/USERS/ADMIN/SCOOP/APPS/GCC-ARM-NONE-EABI/CURRENT/BIN/../lib/gcc/arm-none-eabi/13.3.1/thumb/v7e-m+fp/hard\libc_nano.a(libc_a-findfp.o)
                                                  C:/USERS/ADMIN/SCOOP/APPS/GCC-ARM-NONE-EABI/CURRENT/BIN/../lib/gcc/arm-none-eabi/13.3.1/thumb/v7e-m+fp/hard\libc_nano.a(libc_a-fflush.o)
__sread                                           C:/USERS/ADMIN/SCOOP/APPS/GCC-ARM-NONE-EABI/CURRENT/BIN/../lib/gcc/arm-none-eabi/13.3.1/thumb/v7e-m+fp/hard\libc_nano.a(libc_a-stdio.o)
                                                  C:/USERS/ADMIN/SCOOP/APPS/GCC-ARM-NONE-EABI/CURRENT/BIN/../lib/gcc/arm-none-eabi/13.3.1/thumb/v7e-m+fp/hard\libc_nano.a(libc_a-findfp.o)
__sseek                                           C:/USERS/ADMIN/SCOOP/APPS/GCC-ARM-NONE-EABI/CURRENT/BIN/../lib/gcc/arm-none-eabi/13.3.1/thumb/v7e-m+fp/hard\libc_nano.a(libc_a-stdio.o)
                                                  C:/USERS/ADMIN/SCOOP/APPS/GCC-ARM-NONE-EABI/CURRENT/BIN/../lib/gcc/arm-none-eabi/13.3.1/thumb/v7e-m+fp/hard\libc_nano.a(libc_a-findfp.o)
__stack                                           C:/USERS/ADMIN/SCOOP/APPS/GCC-ARM-NONE-EABI/CURRENT/BIN/../lib/gcc/arm-none-eabi/13.3.1/thumb/v7e-m+fp/hard/crt0.o
__stdio_exit_handler                              C:/USERS/ADMIN/SCOOP/APPS/GCC-ARM-NONE-EABI/CURRENT/BIN/../lib/gcc/arm-none-eabi/13.3.1/thumb/v7e-m+fp/hard\libc_nano.a(libc_a-findfp.o)
                                                  C:/USERS/ADMIN/SCOOP/APPS/GCC-ARM-NONE-EABI/CURRENT/BIN/../lib/gcc/arm-none-eabi/13.3.1/thumb/v7e-m+fp/hard\libc_nano.a(libc_a-exit.o)
__swrite                                          C:/USERS/ADMIN/SCOOP/APPS/GCC-ARM-NONE-EABI/CURRENT/BIN/../lib/gcc/arm-none-eabi/13.3.1/thumb/v7e-m+fp/hard\libc_nano.a(libc_a-stdio.o)
                                                  C:/USERS/ADMIN/SCOOP/APPS/GCC-ARM-NONE-EABI/CURRENT/BIN/../lib/gcc/arm-none-eabi/13.3.1/thumb/v7e-m+fp/hard\libc_nano.a(libc_a-findfp.o)
__udivmoddi4                                      C:/USERS/ADMIN/SCOOP/APPS/GCC-ARM-NONE-EABI/CURRENT/BIN/../lib/gcc/arm-none-eabi/13.3.1/thumb/v7e-m+fp/hard\libgcc.a(_udivmoddi4.o)
                                                  C:/USERS/ADMIN/SCOOP/APPS/GCC-ARM-NONE-EABI/CURRENT/BIN/../lib/gcc/arm-none-eabi/13.3.1/thumb/v7e-m+fp/hard\libgcc.a(_aeabi_uldivmod.o)
_close                                            C:/USERS/ADMIN/SCOOP/APPS/GCC-ARM-NONE-EABI/CURRENT/BIN/../lib/gcc/arm-none-eabi/13.3.1/thumb/v7e-m+fp/hard\libnosys.a(close.o)
                                                  C:/USERS/ADMIN/SCOOP/APPS/GCC-ARM-NONE-EABI/CURRENT/BIN/../lib/gcc/arm-none-eabi/13.3.1/thumb/v7e-m+fp/hard\libc_nano.a(libc_a-closer.o)
_close_r                                          C:/USERS/ADMIN/SCOOP/APPS/GCC-ARM-NONE-EABI/CURRENT/BIN/../lib/gcc/arm-none-eabi/13.3.1/thumb/v7e-m+fp/hard\libc_nano.a(libc_a-closer.o)
                                                  C:/USERS/ADMIN/SCOOP/APPS/GCC-ARM-NONE-EABI/CURRENT/BIN/../lib/gcc/arm-none-eabi/13.3.1/thumb/v7e-m+fp/hard\libc_nano.a(libc_a-stdio.o)
_ebss                                             build/debug/startup_stm32f411xe.o
_edata                                            build/debug/startup_stm32f411xe.o
_estack                                           build/debug/startup_stm32f411xe.o
_exit                                             C:/USERS/ADMIN/SCOOP/APPS/GCC-ARM-NONE-EABI/CURRENT/BIN/../lib/gcc/arm-none-eabi/13.3.1/thumb/v7e-m+fp/hard\libnosys.a(_exit.o)
                                                  C:/USERS/ADMIN/SCOOP/APPS/GCC-ARM-NONE-EABI/CURRENT/BIN/../lib/gcc/arm-none-eabi/13.3.1/thumb/v7e-m+fp/hard\libc_nano.a(libc_a-exit.o)
_fflush_r                                         C:/USERS/ADMIN/SCOOP/APPS/GCC-ARM-NONE-EABI/CURRENT/BIN/../lib/gcc/arm-none-eabi/13.3.1/thumb/v7e-m+fp/hard\libc_nano.a(libc_a-fflush.o)
                                                  C:/USERS/ADMIN/SCOOP/APPS/GCC-ARM-NONE-EABI/CURRENT/BIN/../lib/gcc/arm-none-eabi/13.3.1/thumb/v7e-m+fp/hard\libc_nano.a(libc_a-findfp.o)
_fini                                             C:/USERS/ADMIN/SCOOP/APPS/GCC-ARM-NONE-EABI/CURRENT/BIN/../lib/gcc/arm-none-eabi/13.3.1/thumb/v7e-m+fp/hard/crti.o
_free_r                                           C:/USERS/ADMIN/SCOOP/APPS/GCC-ARM-NONE-EABI/CURRENT/BIN/../lib/gcc/arm-none-eabi/13.3.1/thumb/v7e-m+fp/hard\libc_nano.a(libc_a-freer.o)
                                                  C:/USERS/ADMIN/SCOOP/APPS/GCC-ARM-NONE-EABI/CURRENT/BIN/../lib/gcc/arm-none-eabi/13.3.1/thumb/v7e-m+fp/hard\libc_nano.a(libc_a-fflush.o)
                                                  C:/USERS/ADMIN/SCOOP/APPS/GCC-ARM-NONE-EABI/CURRENT/BIN/../lib/gcc/arm-none-eabi/13.3.1/thumb/v7e-m+fp/hard\libc_nano.a(libc_a-reent.o)
_fwalk_sglue                                      C:/USERS/ADMIN/SCOOP/APPS/GCC-ARM-NONE-EABI/CURRENT/BIN/../lib/gcc/arm-none-eabi/13.3.1/thumb/v7e-m+fp/hard\libc_nano.a(libc_a-fwalk.o)
                                                  C:/USERS/ADMIN/SCOOP/APPS/GCC-ARM-NONE-EABI/CURRENT/BIN/../lib/gcc/arm-none-eabi/13.3.1/thumb/v7e-m+fp/hard\libc_nano.a(libc_a-fflush.o)
                                                  C:/USERS/ADMIN/SCOOP/APPS/GCC-ARM-NONE-EABI/CURRENT/BIN/../lib/gcc/arm-none-eabi/13.3.1/thumb/v7e-m+fp/hard\libc_nano.a(libc_a-findfp.o)
_impure_data                                      C:/USERS/ADMIN/SCOOP/APPS/GCC-ARM-NONE-EABI/CURRENT/BIN/../lib/gcc/arm-none-eabi/13.3.1/thumb/v7e-m+fp/hard\libc_nano.a(libc_a-impure.o)
                                                  C:/USERS/ADMIN/SCOOP/APPS/GCC-ARM-NONE-EABI/CURRENT/BIN/../lib/gcc/arm-none-eabi/13.3.1/thumb/v7e-m+fp/hard\libc_nano.a(libc_a-fflush.o)
                                                  C:/USERS/ADMIN/SCOOP/APPS/GCC-ARM-NONE-EABI/CURRENT/BIN/../lib/gcc/arm-none-eabi/13.3.1/thumb/v7e-m+fp/hard\libc_nano.a(libc_a-findfp.o)
_impure_ptr                                       C:/USERS/ADMIN/SCOOP/APPS/GCC-ARM-NONE-EABI/CURRENT/BIN/../lib/gcc/arm-none-eabi/13.3.1/thumb/v7e-m+fp/hard\libc_nano.a(libc_a-impure.o)
                                                  C:/USERS/ADMIN/SCOOP/APPS/GCC-ARM-NONE-EABI/CURRENT/BIN/../lib/gcc/arm-none-eabi/13.3.1/thumb/v7e-m+fp/hard\libc_nano.a(libc_a-fflush.o)
                                                  C:/USERS/ADMIN/SCOOP/APPS/GCC-ARM-NONE-EABI/CURRENT/BIN/../lib/gcc/arm-none-eabi/13.3.1/thumb/v7e-m+fp/hard\libc_nano.a(libc_a-reent.o)
_init                                             C:/USERS/ADMIN/SCOOP/APPS/GCC-ARM-NONE-EABI/CURRENT/BIN/../lib/gcc/arm-none-eabi/13.3.1/thumb/v7e-m+fp/hard/crti.o
                                                  C:/USERS/ADMIN/SCOOP/APPS/GCC-ARM-NONE-EABI/CURRENT/BIN/../lib/gcc/arm-none-eabi/13.3.1/thumb/v7e-m+fp/hard\libc_nano.a(libc_a-init.o)
_lseek                                            C:/USERS/ADMIN/SCOOP/APPS/GCC-ARM-NONE-EABI/CURRENT/BIN/../lib/gcc/arm-none-eabi/13.3.1/thumb/v7e-m+fp/hard\libnosys.a(lseek.o)
                                                  C:/USERS/ADMIN/SCOOP/APPS/GCC-ARM-NONE-EABI/CURRENT/BIN/../lib/gcc/arm-none-eabi/13.3.1/thumb/v7e-m+fp/hard\libc_nano.a(libc_a-lseekr.o)
_lseek_r                                          C:/USERS/ADMIN/SCOOP/APPS/GCC-ARM-NONE-EABI/CURRENT/BIN/../lib/gcc/arm-none-eabi/13.3.1/thumb/v7e-m+fp/hard\libc_nano.a(libc_a-lseekr.o)
                                                  C:/USERS/ADMIN/SCOOP/APPS/GCC-ARM-NONE-EABI/CURRENT/BIN/../lib/gcc/arm-none-eabi/13.3.1/thumb/v7e-m+fp/hard\libc_nano.a(libc_a-stdio.o)
_mainCRTStartup                                   C:/USERS/ADMIN/SCOOP/APPS/GCC-ARM-NONE-EABI/CURRENT/BIN/../lib/gcc/arm-none-eabi/13.3.1/thumb/v7e-m+fp/hard/crt0.o
_malloc_r                                         C:/USERS/ADMIN/SCOOP/APPS/GCC-ARM-NONE-EABI/CURRENT/BIN/../lib/gcc/arm-none-eabi/13.3.1/thumb/v7e-m+fp/hard\libc_nano.a(libc_a-mallocr.o)
                                                  C:/USERS/ADMIN/SCOOP/APPS/GCC-ARM-NONE-EABI/CURRENT/BIN/../lib/gcc/arm-none-eabi/13.3.1/thumb/v7e-m+fp/hard\libc_nano.a(libc_a-findfp.o)
_read                                             C:/USERS/ADMIN/SCOOP/APPS/GCC-ARM-NONE-EABI/CURRENT/BIN/../lib/gcc/arm-none-eabi/13.3.1/thumb/v7e-m+fp/hard\libnosys.a(read.o)
                                                  C:/USERS/ADMIN/SCOOP/APPS/GCC-ARM-NONE-EABI/CURRENT/BIN/../lib/gcc/arm-none-eabi/13.3.1/thumb/v7e-m+fp/hard\libc_nano.a(libc_a-readr.o)
_read_r                                           C:/USERS/ADMIN/SCOOP/APPS/GCC-ARM-NONE-EABI/CURRENT/BIN/../lib/gcc/arm-none-eabi/13.3.1/thumb/v7e-m+fp/hard\libc_nano.a(libc_a-readr.o)
                                                  C:/USERS/ADMIN/SCOOP/APPS/GCC-ARM-NONE-EABI/CURRENT/BIN/../lib/gcc/arm-none-eabi/13.3.1/thumb/v7e-m+fp/hard\libc_nano.a(libc_a-stdio.o)
_reclaim_reent                                    C:/USERS/ADMIN/SCOOP/APPS/GCC-ARM-NONE-EABI/CURRENT/BIN/../lib/gcc/arm-none-eabi/13.3.1/thumb/v7e-m+fp/hard\libc_nano.a(libc_a-reent.o)
_sbrk                                             C:/USERS/ADMIN/SCOOP/APPS/GCC-ARM-NONE-EABI/CURRENT/BIN/../lib/gcc/arm-none-eabi/13.3.1/thumb/v7e-m+fp/hard\libnosys.a(sbrk.o)
                                                  C:/USERS/ADMIN/SCOOP/APPS/GCC-ARM-NONE-EABI/CURRENT/BIN/../lib/gcc/arm-none-eabi/13.3.1/thumb/v7e-m+fp/hard\libc_nano.a(libc_a-sbrkr.o)
_sbrk_r                                           C:/USERS/ADMIN/SCOOP/APPS/GCC-ARM-NONE-EABI/CURRENT/BIN/../lib/gcc/arm-none-eabi/13.3.1/thumb/v7e-m+fp/hard\libc_nano.a(libc_a-sbrkr.o)
                                                  C:/USERS/ADMIN/SCOOP/APPS/GCC-ARM-NONE-EABI/CURRENT/BIN/../lib/gcc/arm-none-eabi/13.3.1/thumb/v7e-m+fp/hard\libc_nano.a(libc_a-mallocr.o)
_sbss                                             build/debug/startup_stm32f411xe.o
_sdata                                            build/debug/startup_stm32f411xe.o
_sidata                                           build/debug/startup_stm32f411xe.o
_stack_init                                       C:/USERS/ADMIN/SCOOP/APPS/GCC-ARM-NONE-EABI/CURRENT/BIN/../lib/gcc/arm-none-eabi/13.3.1/thumb/v7e-m+fp/hard/crt0.o
_start                                            C:/USERS/ADMIN/SCOOP/APPS/GCC-ARM-NONE-EABI/CURRENT/BIN/../lib/gcc/arm-none-eabi/13.3.1/thumb/v7e-m+fp/hard/crt0.o